[2026-06-03T21:10:30.051Z] INFO Bot started. {"mode":"sim","enabledMarkets":["BTC","ETH"],"minDistanceUsdByMarket":{"BTC":5,"ETH":1,"DOGE":0.0002},"minDistanceUsdByMarketOutcome":{"BTC":{"UP":10,"DOWN":10},"ETH":{"UP":1,"DOWN":1},"DOGE":{"UP":0.0002,"DOWN":0.0002}},"entryWindowSeconds":53,"entryWindowSecondsByMarket":{"BTC":53,"ETH":53,"DOGE":53},"entryWindowSecondsByMarketOutcome":{"BTC":{"UP":53,"DOWN":53},"ETH":{"UP":53,"DOWN":53},"DOGE":{"UP":53,"DOWN":53}},"maxAskPrice":0.75,"maxAskPriceByMarketOutcome":{"BTC":{"UP":0.8,"DOWN":0.8},"ETH":{"UP":0.75,"DOWN":0.75},"DOGE":{"UP":0.75,"DOWN":0.75}},"dailySpendLimitUsd":1000}
[2026-06-03T21:10:30.458Z] INFO Tracking market. {"market":"BTC","slug":"btc-updown-5m-1780521000","title":"Bitcoin Up or Down - June 3, 5:10PM-5:15PM ET","end":"2026-06-03T21:15:00.000Z","upToken":"82577382067091745288028632819647927843800668441424212188997790549452483370917","downToken":"23065081950612666225145768522863818415246412841370346931831699061195773717335","orderMinSize":5,"tickSize":"0.01"}
[2026-06-03T21:10:30.460Z] INFO Skipped trade. {"slug":"btc-updown-5m-1780521000","reason":"missing_current_chainlink_tick"}
[2026-06-03T21:10:30.460Z] INFO Tracking market. {"market":"ETH","slug":"eth-updown-5m-1780521000","title":"Ethereum Up or Down - June 3, 5:10PM-5:15PM ET","end":"2026-06-03T21:15:00.000Z","upToken":"9692644640810618985463404902063381368354671277557103194382425562018859699352","downToken":"7257839289961905550925354201324538333398928565429806383110582416893804027404","orderMinSize":5,"tickSize":"0.01"}
[2026-06-03T21:10:30.461Z] INFO Skipped trade. {"slug":"eth-updown-5m-1780521000","reason":"missing_current_chainlink_tick"}
[2026-06-03T21:10:30.461Z] INFO Tracking market. {"market":"DOGE","slug":"doge-updown-5m-1780521000","title":"Dogecoin Up or Down - June 3, 5:10PM-5:15PM ET","end":"2026-06-03T21:15:00.000Z","upToken":"95774664042185183505236155516419334363337988724870369221889243799087594513891","downToken":"51881891353225276479463202696645674151911040170756868285466667954364075061105","orderMinSize":5,"tickSize":"0.01"}
[2026-06-03T21:10:30.606Z] INFO Connected to Polymarket RTDS Chainlink feed.
[2026-06-03T21:12:56.325Z] INFO Skipped trade. {"slug":"eth-updown-5m-1780521000","reason":"btc_distance_below_threshold","market":"ETH","minDistanceUsd":{"UP":1,"DOWN":1},"openingPrice":1799.77659,"currentPrice":1799.754942924973}
[2026-06-03T21:14:07.579Z] INFO Skipped trade. {"slug":"btc-updown-5m-1780521000","reason":"daily_spend_limit_reached","dailySpendUsd":600,"amountUsd":1000,"dailySpendLimitUsd":1000}
[2026-06-03T21:14:07.983Z] INFO Skipped trade. {"slug":"eth-updown-5m-1780521000","reason":"no_ask_liquidity_under_cap","outcome":"DOWN"}
[2026-06-03T21:14:30.873Z] WARN Analytics sample recording failed; continuing. {"market":"DOGE","slug":"doge-updown-5m-1780521000","error":"ENOENT: no such file or directory, rename 'C:\\DEV\\tests\\Workspace de Yarbis\\Polybot\\data\\analytics-active.json.tmp' -> 'C:\\DEV\\tests\\Workspace de Yarbis\\Polybot\\data\\analytics-active.json'"}
[2026-06-03T21:15:00.315Z] INFO Tracking market. {"market":"BTC","slug":"btc-updown-5m-1780521300","title":"Bitcoin Up or Down - June 3, 5:15PM-5:20PM ET","end":"2026-06-03T21:20:00.000Z","upToken":"39093188770423278384194179740496291954073687394930698156510919333985992387487","downToken":"97939479060213791082033242326473855399183739172634181747013326315023519923305","orderMinSize":5,"tickSize":"0.01"}
[2026-06-03T21:15:00.346Z] INFO Captured Chainlink opening tick. {"slug":"btc-updown-5m-1780521300","openingPrice":65322.84576191546,"tickTimestamp":"2026-06-03T21:15:00.000Z"}
[2026-06-03T21:15:00.351Z] INFO Skipped trade. {"slug":"btc-updown-5m-1780521300","reason":"btc_distance_below_threshold","market":"BTC","minDistanceUsd":{"UP":10,"DOWN":10},"openingPrice":65322.84576191546,"currentPrice":65322.84576191546}
[2026-06-03T21:15:00.351Z] INFO Tracking market. {"market":"ETH","slug":"eth-updown-5m-1780521300","title":"Ethereum Up or Down - June 3, 5:15PM-5:20PM ET","end":"2026-06-03T21:20:00.000Z","upToken":"12075371014879485077888335925306412610669009573869725078985640696255834173805","downToken":"59892500090187289900715757837047180691195567864206700406955443626332982095063","orderMinSize":5,"tickSize":"0.01"}
[2026-06-03T21:15:00.351Z] INFO Skipped trade. {"slug":"eth-updown-5m-1780521300","reason":"missing_opening_chainlink_tick"}
[2026-06-03T21:15:00.351Z] INFO Tracking market. {"market":"DOGE","slug":"doge-updown-5m-1780521300","title":"Dogecoin Up or Down - June 3, 5:15PM-5:20PM ET","end":"2026-06-03T21:20:00.000Z","upToken":"64307737347768216629834801452644809243221673163364705039979796650122038175826","downToken":"55296966175335083424112149852952513847203711483780880482931182203417637597979","orderMinSize":5,"tickSize":"0.01"}
[2026-06-03T21:15:01.378Z] INFO Captured Chainlink opening tick. {"slug":"eth-updown-5m-1780521300","openingPrice":1795.570535,"tickTimestamp":"2026-06-03T21:15:00.000Z"}
[2026-06-03T21:15:01.386Z] INFO Skipped trade. {"slug":"eth-updown-5m-1780521300","reason":"btc_distance_below_threshold","market":"ETH","minDistanceUsd":{"UP":1,"DOWN":1},"openingPrice":1795.570535,"currentPrice":1795.570535}
[2026-06-03T21:15:01.399Z] INFO Captured Chainlink opening tick. {"slug":"doge-updown-5m-1780521300","openingPrice":0.0917107130521573,"tickTimestamp":"2026-06-03T21:15:00.000Z"}
[2026-06-03T21:19:07.215Z] INFO Skipped trade. {"slug":"btc-updown-5m-1780521300","reason":"daily_spend_limit_reached","dailySpendUsd":600,"amountUsd":1000,"dailySpendLimitUsd":1000}
[2026-06-03T21:19:07.622Z] INFO Skipped trade. {"slug":"eth-updown-5m-1780521300","reason":"no_ask_liquidity_under_cap","outcome":"UP"}
[2026-06-03T21:20:00.877Z] INFO Tracking market. {"market":"BTC","slug":"btc-updown-5m-1780521600","title":"Bitcoin Up or Down - June 3, 5:20PM-5:25PM ET","end":"2026-06-03T21:25:00.000Z","upToken":"26120889666748568463092318743140305551052709729117370164424369503920994354157","downToken":"50930962076029403223369001439151473448615345655685667756799233750052567147465","orderMinSize":5,"tickSize":"0.01"}
[2026-06-03T21:20:00.934Z] INFO Captured Chainlink opening tick. {"slug":"btc-updown-5m-1780521600","openingPrice":65444.28030067903,"tickTimestamp":"2026-06-03T21:20:00.000Z"}
[2026-06-03T21:20:00.942Z] INFO Skipped trade. {"slug":"btc-updown-5m-1780521600","reason":"btc_distance_below_threshold","market":"BTC","minDistanceUsd":{"UP":10,"DOWN":10},"openingPrice":65444.28030067903,"currentPrice":65444.28030067903}
[2026-06-03T21:20:00.942Z] INFO Tracking market. {"market":"ETH","slug":"eth-updown-5m-1780521600","title":"Ethereum Up or Down - June 3, 5:20PM-5:25PM ET","end":"2026-06-03T21:25:00.000Z","upToken":"8776411424334693698755797114557251037694045963691424291184618761374482579705","downToken":"6668003784052807367128998095368375546938539318611272123823932063801161189056","orderMinSize":5,"tickSize":"0.01"}
[2026-06-03T21:20:00.943Z] INFO Skipped trade. {"slug":"eth-updown-5m-1780521600","reason":"missing_opening_chainlink_tick"}
[2026-06-03T21:20:00.943Z] INFO Tracking market. {"market":"DOGE","slug":"doge-updown-5m-1780521600","title":"Dogecoin Up or Down - June 3, 5:20PM-5:25PM ET","end":"2026-06-03T21:25:00.000Z","upToken":"115134846376110426335842699605359181808562797705546961220128447449905626507081","downToken":"22741256930763088600799141390683132996814481207980867719520493415044751940838","orderMinSize":5,"tickSize":"0.01"}
[2026-06-03T21:20:01.967Z] INFO Captured Chainlink opening tick. {"slug":"eth-updown-5m-1780521600","openingPrice":1798.13502,"tickTimestamp":"2026-06-03T21:20:00.000Z"}
[2026-06-03T21:20:01.971Z] INFO Skipped trade. {"slug":"eth-updown-5m-1780521600","reason":"btc_distance_below_threshold","market":"ETH","minDistanceUsd":{"UP":1,"DOWN":1},"openingPrice":1798.13502,"currentPrice":1798.130515}
[2026-06-03T21:20:01.982Z] INFO Captured Chainlink opening tick. {"slug":"doge-updown-5m-1780521600","openingPrice":0.0918911,"tickTimestamp":"2026-06-03T21:20:00.000Z"}
