[2026-06-02T00:56:17.625Z] INFO Bot started. {"mode":"sim","enabledMarkets":["BTC","ETH"],"minDistanceUsdByMarket":{"BTC":30,"ETH":5,"DOGE":0.0005},"minDistanceUsdByMarketOutcome":{"BTC":{"UP":30,"DOWN":30},"ETH":{"UP":5,"DOWN":5},"DOGE":{"UP":0.0005,"DOWN":0.0005}},"entryWindowSeconds":20,"entryWindowSecondsByMarket":{"BTC":20,"ETH":20,"DOGE":20},"entryWindowSecondsByMarketOutcome":{"BTC":{"UP":20,"DOWN":20},"ETH":{"UP":20,"DOWN":20},"DOGE":{"UP":20,"DOWN":20}},"maxAskPrice":0.9,"maxAskPriceByMarketOutcome":{"BTC":{"UP":0.9,"DOWN":0.9},"ETH":{"UP":0.9,"DOWN":0.9},"DOGE":{"UP":0.9,"DOWN":0.9}},"dailySpendLimitUsd":50}
[2026-06-02T00:56:17.753Z] INFO Tracking market. {"market":"BTC","slug":"btc-updown-5m-1780361700","title":"Bitcoin Up or Down - June 1, 8:55PM-9:00PM ET","end":"2026-06-02T01:00:00.000Z","upToken":"107909569101368401107000295620921308710830846024382867783936992369545536230100","downToken":"85652147270047992551930435007174170237849605996838203924399848492607393761963","orderMinSize":5,"tickSize":"0.01"}
[2026-06-02T00:56:17.755Z] INFO Skipped trade. {"slug":"btc-updown-5m-1780361700","reason":"missing_current_chainlink_tick"}
[2026-06-02T00:56:17.756Z] INFO Tracking market. {"market":"ETH","slug":"eth-updown-5m-1780361700","title":"Ethereum Up or Down - June 1, 8:55PM-9:00PM ET","end":"2026-06-02T01:00:00.000Z","upToken":"66737551710632846192698005933814476868645797976303048022159788155665699997804","downToken":"85358922081888664611799139929666485517226055071722025870966250430124584643787","orderMinSize":5,"tickSize":"0.01"}
[2026-06-02T00:56:17.756Z] INFO Skipped trade. {"slug":"eth-updown-5m-1780361700","reason":"missing_current_chainlink_tick"}
[2026-06-02T00:56:17.756Z] INFO Tracking market. {"market":"DOGE","slug":"doge-updown-5m-1780361700","title":"Dogecoin Up or Down - June 1, 8:55PM-9:00PM ET","end":"2026-06-02T01:00:00.000Z","upToken":"42294769423316017549150972148329803993166332730433188394731228628481464072398","downToken":"45081998482270920273412830626937229866741479089517422160764564060030016185271","orderMinSize":5,"tickSize":"0.01"}
[2026-06-02T00:56:18.145Z] INFO Connected to Polymarket RTDS Chainlink feed.
[2026-06-02T00:56:18.762Z] INFO Skipped trade. {"slug":"btc-updown-5m-1780361700","reason":"btc_distance_below_threshold","market":"BTC","minDistanceUsd":{"UP":30,"DOWN":30},"openingPrice":71190.35162297268,"currentPrice":71179.41374674198}
[2026-06-02T00:56:18.762Z] INFO Skipped trade. {"slug":"eth-updown-5m-1780361700","reason":"btc_distance_below_threshold","market":"ETH","minDistanceUsd":{"UP":5,"DOWN":5},"openingPrice":1997.01759,"currentPrice":1996.0184783244583}
[2026-06-02T01:00:01.175Z] INFO Tracking market. {"market":"BTC","slug":"btc-updown-5m-1780362000","title":"Bitcoin Up or Down - June 1, 9:00PM-9:05PM ET","end":"2026-06-02T01:05:00.000Z","upToken":"86598352915980881821239585636289130904930459836725973105493916040814966927264","downToken":"34905954800864830176817827924382539687680652756364531363107277002655761621037","orderMinSize":5,"tickSize":"0.01"}
[2026-06-02T01:00:01.187Z] INFO Captured Chainlink opening tick. {"slug":"btc-updown-5m-1780362000","openingPrice":71195.83374925135,"tickTimestamp":"2026-06-02T01:00:00.000Z"}
[2026-06-02T01:00:01.194Z] INFO Skipped trade. {"slug":"btc-updown-5m-1780362000","reason":"btc_distance_below_threshold","market":"BTC","minDistanceUsd":{"UP":30,"DOWN":30},"openingPrice":71195.83374925135,"currentPrice":71195.83374925135}
[2026-06-02T01:00:01.194Z] INFO Tracking market. {"market":"ETH","slug":"eth-updown-5m-1780362000","title":"Ethereum Up or Down - June 1, 9:00PM-9:05PM ET","end":"2026-06-02T01:05:00.000Z","upToken":"82876980617989620871131099288747511412342396467345815828636420605913979882317","downToken":"63924653841446318457961818586110171119167596790861619108207613403410778387231","orderMinSize":5,"tickSize":"0.01"}
[2026-06-02T01:00:01.194Z] INFO Skipped trade. {"slug":"eth-updown-5m-1780362000","reason":"missing_opening_chainlink_tick"}
[2026-06-02T01:00:01.195Z] INFO Tracking market. {"market":"DOGE","slug":"doge-updown-5m-1780362000","title":"Dogecoin Up or Down - June 1, 9:00PM-9:05PM ET","end":"2026-06-02T01:05:00.000Z","upToken":"14741303528487903432156272354888136607134516629855662523892015375671022415092","downToken":"34401933571183835044889892650613124922419862102457176934464809712600783268093","orderMinSize":5,"tickSize":"0.01"}
[2026-06-02T01:00:04.234Z] INFO Captured Chainlink opening tick. {"slug":"eth-updown-5m-1780362000","openingPrice":1993.999165,"tickTimestamp":"2026-06-02T01:00:00.000Z"}
[2026-06-02T01:00:04.239Z] INFO Skipped trade. {"slug":"eth-updown-5m-1780362000","reason":"btc_distance_below_threshold","market":"ETH","minDistanceUsd":{"UP":5,"DOWN":5},"openingPrice":1993.999165,"currentPrice":1994.2036127837584}
[2026-06-02T01:00:04.254Z] INFO Captured Chainlink opening tick. {"slug":"doge-updown-5m-1780362000","openingPrice":0.1007707386985095,"tickTimestamp":"2026-06-02T01:00:00.000Z"}
[2026-06-02T01:04:45.468Z] INFO Skipped trade. {"slug":"btc-updown-5m-1780362000","reason":"no_ask_liquidity_under_cap","outcome":"DOWN"}
[2026-06-02T01:05:00.732Z] INFO Tracking market. {"market":"BTC","slug":"btc-updown-5m-1780362300","title":"Bitcoin Up or Down - June 1, 9:05PM-9:10PM ET","end":"2026-06-02T01:10:00.000Z","upToken":"94028122358716013698239279037331539086458726409209065407070513351762484768425","downToken":"24841288429066769571879697300416753120847396590713398242686349738493705810706","orderMinSize":5,"tickSize":"0.01"}
[2026-06-02T01:05:00.732Z] INFO Skipped trade. {"slug":"btc-updown-5m-1780362300","reason":"missing_opening_chainlink_tick"}
[2026-06-02T01:05:00.732Z] INFO Tracking market. {"market":"ETH","slug":"eth-updown-5m-1780362300","title":"Ethereum Up or Down - June 1, 9:05PM-9:10PM ET","end":"2026-06-02T01:10:00.000Z","upToken":"61282258136880994757734091419354242814092569857012392643808955243079758458106","downToken":"60347156740536824440240122310486647484019525704554820738347589450142604763721","orderMinSize":5,"tickSize":"0.01"}
[2026-06-02T01:05:00.733Z] INFO Skipped trade. {"slug":"eth-updown-5m-1780362300","reason":"missing_opening_chainlink_tick"}
[2026-06-02T01:05:00.733Z] INFO Tracking market. {"market":"DOGE","slug":"doge-updown-5m-1780362300","title":"Dogecoin Up or Down - June 1, 9:05PM-9:10PM ET","end":"2026-06-02T01:10:00.000Z","upToken":"43313648258294717789652855859667667304846979559282431616982506127680945583279","downToken":"95137307087582079635166308630010841595968391716726480818974086951539270532449","orderMinSize":5,"tickSize":"0.01"}
[2026-06-02T01:05:01.757Z] INFO Captured Chainlink opening tick. {"slug":"btc-updown-5m-1780362300","openingPrice":71176.16040702048,"tickTimestamp":"2026-06-02T01:05:00.000Z"}
[2026-06-02T01:05:01.766Z] INFO Skipped trade. {"slug":"btc-updown-5m-1780362300","reason":"btc_distance_below_threshold","market":"BTC","minDistanceUsd":{"UP":30,"DOWN":30},"openingPrice":71176.16040702048,"currentPrice":71176.16040702048}
[2026-06-02T01:05:04.819Z] INFO Captured Chainlink opening tick. {"slug":"eth-updown-5m-1780362300","openingPrice":1991.28679,"tickTimestamp":"2026-06-02T01:05:00.000Z"}
[2026-06-02T01:05:04.839Z] INFO Skipped trade. {"slug":"eth-updown-5m-1780362300","reason":"btc_distance_below_threshold","market":"ETH","minDistanceUsd":{"UP":5,"DOWN":5},"openingPrice":1991.28679,"currentPrice":1991.4255853734603}
[2026-06-02T01:05:04.860Z] INFO Captured Chainlink opening tick. {"slug":"doge-updown-5m-1780362300","openingPrice":0.1006586,"tickTimestamp":"2026-06-02T01:05:00.000Z"}
[CLOB Client] request error {"status":524,"statusText":"<none>","data":{"type":"https://developers.cloudflare.com/support/troubleshooting/http-status-codes/cloudflare-5xx-errors/error-524/","title":"Error 524: A timeout occurred","status":524,"detail":"The origin web server did not return a complete response within the 120-second Proxy Read Timeout window. The connection was established, but the origin took too long to respond.","instance":"a0529214dd5cf08a","error_code":524,"error_name":"origin_response_timeout","error_category":"origin","ray_id":"a0529214dd5cf08a","timestamp":"2026-06-02T01:14:10Z","zone":"clob.polymarket.com","cloudflare_error":true,"retryable":true,"retry_after":120,"owner_action_required":true,"what_you_should_do":"**Wait and retry.** Back off for at least 120 seconds. If the error persists, the website operator should check for long-running processes or an overloaded origin.","footer":"This error was generated by Cloudflare on behalf of the website owner."},"config":{"transitional":{"silentJSONParsing":true,"forcedJSONParsing":true,"clarifyTimeoutError":false,"legacyInterceptorReqResOrdering":true},"adapter":["xhr","http","fetch"],"transformRequest":[null],"transformResponse":[null],"timeout":0,"xsrfCookieName":"XSRF-TOKEN","xsrfHeaderName":"X-XSRF-TOKEN","maxContentLength":-1,"maxBodyLength":-1,"env":{},"headers":{"Accept":"application/json, text/plain, */*","User-Agent":"axios/1.16.0","Accept-Encoding":"gzip, compress, deflate, br"},"method":"get","url":"https://clob.polymarket.com/book","params":{"token_id":"61282258136880994757734091419354242814092569857012392643808955243079758458106"},"allowAbsoluteUrls":true}}
[CLOB Client] request error {"status":404,"statusText":"Not Found","data":{"error":"No orderbook exists for the requested token id"},"config":{"transitional":{"silentJSONParsing":true,"forcedJSONParsing":true,"clarifyTimeoutError":false,"legacyInterceptorReqResOrdering":true},"adapter":["xhr","http","fetch"],"transformRequest":[null],"transformResponse":[null],"timeout":0,"xsrfCookieName":"XSRF-TOKEN","xsrfHeaderName":"X-XSRF-TOKEN","maxContentLength":-1,"maxBodyLength":-1,"env":{},"headers":{"Accept":"application/json, text/plain, */*","User-Agent":"axios/1.16.0","Accept-Encoding":"gzip, compress, deflate, br"},"method":"get","url":"https://clob.polymarket.com/book","params":{"token_id":"43313648258294717789652855859667667304846979559282431616982506127680945583279"},"allowAbsoluteUrls":true}}
[CLOB Client] request error {"status":404,"statusText":"Not Found","data":{"error":"No orderbook exists for the requested token id"},"config":{"transitional":{"silentJSONParsing":true,"forcedJSONParsing":true,"clarifyTimeoutError":false,"legacyInterceptorReqResOrdering":true},"adapter":["xhr","http","fetch"],"transformRequest":[null],"transformResponse":[null],"timeout":0,"xsrfCookieName":"XSRF-TOKEN","xsrfHeaderName":"X-XSRF-TOKEN","maxContentLength":-1,"maxBodyLength":-1,"env":{},"headers":{"Accept":"application/json, text/plain, */*","User-Agent":"axios/1.16.0","Accept-Encoding":"gzip, compress, deflate, br"},"method":"get","url":"https://clob.polymarket.com/book","params":{"token_id":"95137307087582079635166308630010841595968391716726480818974086951539270532449"},"allowAbsoluteUrls":true}}
[2026-06-02T01:14:11.564Z] INFO Tracking market. {"market":"BTC","slug":"btc-updown-5m-1780362600","title":"Bitcoin Up or Down - June 1, 9:10PM-9:15PM ET","end":"2026-06-02T01:15:00.000Z","upToken":"22095752310345904512728555500460004715871124580232428417241308790740797408673","downToken":"112549826750372709879650266623013685413796743883924718924873497665047028444811","orderMinSize":5,"tickSize":"0.01"}
[2026-06-02T01:14:11.571Z] INFO Captured Chainlink opening tick. {"slug":"btc-updown-5m-1780362600","openingPrice":71149.6534881491,"tickTimestamp":"2026-06-02T01:10:00.000Z"}
[2026-06-02T01:14:11.737Z] INFO Tracking market. {"market":"ETH","slug":"eth-updown-5m-1780362600","title":"Ethereum Up or Down - June 1, 9:10PM-9:15PM ET","end":"2026-06-02T01:15:00.000Z","upToken":"96948297132113946400192997326743601168168062428800094942648499452559810501359","downToken":"66311333866301670503346813275880025609382939713497584211859527071552092200966","orderMinSize":5,"tickSize":"0.01"}
[2026-06-02T01:14:11.759Z] INFO Captured Chainlink opening tick. {"slug":"eth-updown-5m-1780362600","openingPrice":1990.2446262505696,"tickTimestamp":"2026-06-02T01:10:00.000Z"}
[2026-06-02T01:14:11.942Z] INFO Skipped trade. {"slug":"eth-updown-5m-1780362600","reason":"btc_distance_below_threshold","market":"ETH","minDistanceUsd":{"UP":5,"DOWN":5},"openingPrice":1990.2446262505696,"currentPrice":1995.155495}
[2026-06-02T01:14:11.942Z] INFO Tracking market. {"market":"DOGE","slug":"doge-updown-5m-1780362600","title":"Dogecoin Up or Down - June 1, 9:10PM-9:15PM ET","end":"2026-06-02T01:15:00.000Z","upToken":"102563988329142045290381072734662774570543355277600564999885615156682467983386","downToken":"91690154513673273663316014011083864815469474561830503508952331624482834313862","orderMinSize":5,"tickSize":"0.01"}
[2026-06-02T01:14:11.968Z] INFO Captured Chainlink opening tick. {"slug":"doge-updown-5m-1780362600","openingPrice":0.1004472801899355,"tickTimestamp":"2026-06-02T01:10:00.000Z"}
[2026-06-02T01:14:41.772Z] INFO Skipped trade. {"slug":"btc-updown-5m-1780362600","reason":"no_ask_liquidity_under_cap","outcome":"UP"}
[2026-06-02T01:14:41.772Z] INFO Skipped trade. {"slug":"eth-updown-5m-1780362600","reason":"no_ask_liquidity_under_cap","outcome":"UP"}
[2026-06-02T01:15:01.225Z] INFO Tracking market. {"market":"BTC","slug":"btc-updown-5m-1780362900","title":"Bitcoin Up or Down - June 1, 9:15PM-9:20PM ET","end":"2026-06-02T01:20:00.000Z","upToken":"20457416872318384535349317003484347899738536924109989202357373739905039611084","downToken":"9203491487500671719322608095761389156606739281107083836659617751286673839340","orderMinSize":5,"tickSize":"0.01"}
[2026-06-02T01:15:01.240Z] INFO Captured Chainlink opening tick. {"slug":"btc-updown-5m-1780362900","openingPrice":71278.48216624981,"tickTimestamp":"2026-06-02T01:15:00.000Z"}
[2026-06-02T01:15:01.249Z] INFO Skipped trade. {"slug":"btc-updown-5m-1780362900","reason":"btc_distance_below_threshold","market":"BTC","minDistanceUsd":{"UP":30,"DOWN":30},"openingPrice":71278.48216624981,"currentPrice":71278.48216624981}
[2026-06-02T01:15:01.249Z] INFO Tracking market. {"market":"ETH","slug":"eth-updown-5m-1780362900","title":"Ethereum Up or Down - June 1, 9:15PM-9:20PM ET","end":"2026-06-02T01:20:00.000Z","upToken":"103759471012700363720099566166777488440781213586800044410111593828687151968108","downToken":"77878775084136532510587072378873003200327269969077589416553943185102774424595","orderMinSize":5,"tickSize":"0.01"}
[2026-06-02T01:15:01.249Z] INFO Skipped trade. {"slug":"eth-updown-5m-1780362900","reason":"missing_opening_chainlink_tick"}
[2026-06-02T01:15:01.249Z] INFO Tracking market. {"market":"DOGE","slug":"doge-updown-5m-1780362900","title":"Dogecoin Up or Down - June 1, 9:15PM-9:20PM ET","end":"2026-06-02T01:20:00.000Z","upToken":"6445260042573104573235691598920631246976410632200669925840361790213726755630","downToken":"88388818320834524140513194057470319542533049872699486357970652389651187316235","orderMinSize":5,"tickSize":"0.01"}
[2026-06-02T01:15:05.279Z] INFO Captured Chainlink opening tick. {"slug":"eth-updown-5m-1780362900","openingPrice":1995.964145,"tickTimestamp":"2026-06-02T01:15:00.000Z"}
[2026-06-02T01:15:05.283Z] INFO Skipped trade. {"slug":"eth-updown-5m-1780362900","reason":"btc_distance_below_threshold","market":"ETH","minDistanceUsd":{"UP":5,"DOWN":5},"openingPrice":1995.964145,"currentPrice":1996.0581956695087}
[2026-06-02T01:15:05.290Z] INFO Captured Chainlink opening tick. {"slug":"doge-updown-5m-1780362900","openingPrice":0.100563,"tickTimestamp":"2026-06-02T01:15:00.000Z"}
[2026-06-02T01:19:41.229Z] INFO Skipped trade. {"slug":"btc-updown-5m-1780362900","reason":"no_ask_liquidity_under_cap","outcome":"DOWN"}
[2026-06-02T01:19:50.334Z] INFO Skipped trade. {"slug":"eth-updown-5m-1780362900","reason":"stale_chainlink_tick","tickTimestamp":"2026-06-02T01:19:40.000Z"}
[2026-06-02T01:20:00.820Z] INFO Tracking market. {"market":"BTC","slug":"btc-updown-5m-1780363200","title":"Bitcoin Up or Down - June 1, 9:20PM-9:25PM ET","end":"2026-06-02T01:25:00.000Z","upToken":"36928102316158502704984852557110072811036410084896937465311002493069774999830","downToken":"62667546440776031531630382353306194525524850725436080187103211192893468252362","orderMinSize":5,"tickSize":"0.01"}
[2026-06-02T01:20:00.820Z] INFO Skipped trade. {"slug":"btc-updown-5m-1780363200","reason":"missing_opening_chainlink_tick"}
[2026-06-02T01:20:00.820Z] INFO Tracking market. {"market":"ETH","slug":"eth-updown-5m-1780363200","title":"Ethereum Up or Down - June 1, 9:20PM-9:25PM ET","end":"2026-06-02T01:25:00.000Z","upToken":"39506210869606370469988657694027247536711677024040309296668712959115332768568","downToken":"90415999654187416605192147181928066572105995381006179540973077044034158494185","orderMinSize":5,"tickSize":"0.01"}
[2026-06-02T01:20:00.820Z] INFO Skipped trade. {"slug":"eth-updown-5m-1780363200","reason":"missing_opening_chainlink_tick"}
[2026-06-02T01:20:00.821Z] INFO Tracking market. {"market":"DOGE","slug":"doge-updown-5m-1780363200","title":"Dogecoin Up or Down - June 1, 9:20PM-9:25PM ET","end":"2026-06-02T01:25:00.000Z","upToken":"15968221171101577320313806692997773539967166348726954444133593546257471416394","downToken":"31275467885627918785807428225385140271304393399843147245367218356956098789098","orderMinSize":5,"tickSize":"0.01"}
[2026-06-02T01:20:01.833Z] INFO Captured Chainlink opening tick. {"slug":"btc-updown-5m-1780363200","openingPrice":71211.164280894,"tickTimestamp":"2026-06-02T01:20:00.000Z"}
[2026-06-02T01:20:01.838Z] INFO Skipped trade. {"slug":"btc-updown-5m-1780363200","reason":"btc_distance_below_threshold","market":"BTC","minDistanceUsd":{"UP":30,"DOWN":30},"openingPrice":71211.164280894,"currentPrice":71211.164280894}
[2026-06-02T01:20:06.002Z] INFO Captured Chainlink opening tick. {"slug":"eth-updown-5m-1780363200","openingPrice":1993.740385607539,"tickTimestamp":"2026-06-02T01:20:00.000Z"}
[2026-06-02T01:20:06.008Z] INFO Skipped trade. {"slug":"eth-updown-5m-1780363200","reason":"btc_distance_below_threshold","market":"ETH","minDistanceUsd":{"UP":5,"DOWN":5},"openingPrice":1993.740385607539,"currentPrice":1993.501635}
[2026-06-02T01:20:06.021Z] INFO Captured Chainlink opening tick. {"slug":"doge-updown-5m-1780363200","openingPrice":0.1004010935136485,"tickTimestamp":"2026-06-02T01:20:00.000Z"}
[2026-06-02T01:25:01.459Z] INFO Tracking market. {"market":"BTC","slug":"btc-updown-5m-1780363500","title":"Bitcoin Up or Down - June 1, 9:25PM-9:30PM ET","end":"2026-06-02T01:30:00.000Z","upToken":"110714882666993135981822887393381917329500257531352576833398168942794281694255","downToken":"63711920005548057847355952534035695912013674634050989777104296594128998622569","orderMinSize":5,"tickSize":"0.01"}
[2026-06-02T01:25:01.471Z] INFO Captured Chainlink opening tick. {"slug":"btc-updown-5m-1780363500","openingPrice":71210.2683687853,"tickTimestamp":"2026-06-02T01:25:00.000Z"}
[2026-06-02T01:25:01.476Z] INFO Skipped trade. {"slug":"btc-updown-5m-1780363500","reason":"btc_distance_below_threshold","market":"BTC","minDistanceUsd":{"UP":30,"DOWN":30},"openingPrice":71210.2683687853,"currentPrice":71210.2683687853}
[2026-06-02T01:25:01.477Z] INFO Tracking market. {"market":"ETH","slug":"eth-updown-5m-1780363500","title":"Ethereum Up or Down - June 1, 9:25PM-9:30PM ET","end":"2026-06-02T01:30:00.000Z","upToken":"50616075833833876679207648547625152668963625477570875017785840704870883232865","downToken":"39018255841725675982045341099347470631234654230966751275658653350511344770868","orderMinSize":5,"tickSize":"0.01"}
[2026-06-02T01:25:01.477Z] INFO Skipped trade. {"slug":"eth-updown-5m-1780363500","reason":"missing_opening_chainlink_tick"}
[2026-06-02T01:25:01.478Z] INFO Tracking market. {"market":"DOGE","slug":"doge-updown-5m-1780363500","title":"Dogecoin Up or Down - June 1, 9:25PM-9:30PM ET","end":"2026-06-02T01:30:00.000Z","upToken":"27292978401692007743160698078686272936894425830415479961327799053889427350627","downToken":"37893975423475259783103927679556782303116908706418106388094887693432846412857","orderMinSize":5,"tickSize":"0.01"}
[2026-06-02T01:25:06.635Z] INFO Captured Chainlink opening tick. {"slug":"eth-updown-5m-1780363500","openingPrice":1994.7193436288205,"tickTimestamp":"2026-06-02T01:25:00.000Z"}
[2026-06-02T01:25:06.640Z] INFO Skipped trade. {"slug":"eth-updown-5m-1780363500","reason":"btc_distance_below_threshold","market":"ETH","minDistanceUsd":{"UP":5,"DOWN":5},"openingPrice":1994.7193436288205,"currentPrice":1994.83}
[2026-06-02T01:25:06.647Z] INFO Captured Chainlink opening tick. {"slug":"doge-updown-5m-1780363500","openingPrice":0.1006219938110669,"tickTimestamp":"2026-06-02T01:25:00.000Z"}
[2026-06-02T01:29:13.144Z] WARN Analytics sample recording failed; continuing. {"market":"DOGE","slug":"doge-updown-5m-1780363500","error":"ENOENT: no such file or directory, rename 'C:\\DEV\\tests\\Workspace de Yarbis\\Polybot\\data\\analytics-active.json.tmp' -> 'C:\\DEV\\tests\\Workspace de Yarbis\\Polybot\\data\\analytics-active.json'"}
