
> polybot-crypto-5m@0.1.0 start:bot
> node dist/src/index.js

[2026-06-16T06:00:42.884Z] INFO Bot started. {"mode":"sim","enabledMarkets":["BTC","ETH","DOGE"],"minDistanceUsdByMarket":{"BTC":5,"ETH":0.5,"DOGE":0.0001},"minDistanceUsdByMarketOutcome":{"BTC":{"UP":5,"DOWN":5},"ETH":{"UP":0.5,"DOWN":0.5},"DOGE":{"UP":0.0001,"DOWN":0.0001}},"entryWindowSeconds":20,"entryWindowSecondsByMarket":{"BTC":20,"ETH":20,"DOGE":20},"entryWindowSecondsByMarketOutcome":{"BTC":{"UP":20,"DOWN":20},"ETH":{"UP":20,"DOWN":20},"DOGE":{"UP":20,"DOWN":20}},"maxAskPrice":0.7,"maxAskPriceByMarketOutcome":{"BTC":{"UP":0.7,"DOWN":0.7},"ETH":{"UP":0.7,"DOWN":0.7},"DOGE":{"UP":0.7,"DOWN":0.7}},"dailySpendLimitUsd":1000}
[2026-06-16T06:00:43.874Z] INFO Connected to Polymarket RTDS Chainlink feed.
[2026-06-16T06:00:44.266Z] INFO Tracking market. {"market":"BTC","slug":"btc-updown-5m-1781589600","title":"Bitcoin Up or Down - June 16, 2:00AM-2:05AM ET","end":"2026-06-16T06:05:00.000Z","upToken":"11394904064801367597568159587999252756151663229920452627422369626474353897704","downToken":"5730512504509968259278183784512413953236469194868570601534757452446214907673","orderMinSize":5,"tickSize":"0.01"}
[2026-06-16T06:00:44.268Z] INFO Skipped trade. {"slug":"btc-updown-5m-1781589600","reason":"missing_current_chainlink_tick"}
[2026-06-16T06:00:44.269Z] INFO Tracking market. {"market":"ETH","slug":"eth-updown-5m-1781589600","title":"Ethereum Up or Down - June 16, 2:00AM-2:05AM ET","end":"2026-06-16T06:05:00.000Z","upToken":"72899327703854563214414074130303303009634829947398134408576440707006610850037","downToken":"94758567585074759596195259271006237016702104235446756285701947273447576406920","orderMinSize":5,"tickSize":"0.01"}
[2026-06-16T06:00:44.269Z] INFO Skipped trade. {"slug":"eth-updown-5m-1781589600","reason":"missing_current_chainlink_tick"}
[2026-06-16T06:00:44.269Z] INFO Tracking market. {"market":"DOGE","slug":"doge-updown-5m-1781589600","title":"Dogecoin Up or Down - June 16, 2:00AM-2:05AM ET","end":"2026-06-16T06:05:00.000Z","upToken":"110891278363345865982759596407171574222479839047045323538083533343585617426677","downToken":"102522494340802287631472489924237317014496814900518011068368041080951214694621","orderMinSize":5,"tickSize":"0.01"}
[2026-06-16T06:00:44.270Z] INFO Skipped trade. {"slug":"doge-updown-5m-1781589600","reason":"missing_current_chainlink_tick"}
[2026-06-16T06:00:45.281Z] INFO Skipped trade. {"slug":"doge-updown-5m-1781589600","reason":"btc_distance_below_threshold","market":"DOGE","minDistanceUsd":{"UP":0.0001,"DOWN":0.0001},"openingPrice":0.0872349107840512,"currentPrice":0.087277485}
[2026-06-16T06:01:05.473Z] INFO Skipped trade. {"slug":"eth-updown-5m-1781589600","reason":"btc_distance_below_threshold","market":"ETH","minDistanceUsd":{"UP":0.5,"DOWN":0.5},"openingPrice":1761.0352,"currentPrice":1761.39127}
[2026-06-16T06:04:43.156Z] INFO Skipped trade. {"slug":"btc-updown-5m-1781589600","reason":"no_ask_liquidity_under_cap","outcome":"UP"}
[2026-06-16T06:04:43.156Z] INFO Skipped trade. {"slug":"eth-updown-5m-1781589600","reason":"no_ask_liquidity_under_cap","outcome":"UP"}
[2026-06-16T06:05:02.980Z] INFO Tracking market. {"market":"BTC","slug":"btc-updown-5m-1781589900","title":"Bitcoin Up or Down - June 16, 2:05AM-2:10AM ET","end":"2026-06-16T06:10:00.000Z","upToken":"4283082219785830374236801238705383740071994432595653617239805660358507066387","downToken":"50115333411871971822469618940542000181173714492861278826004098607011202689241","orderMinSize":5,"tickSize":"0.01"}
[2026-06-16T06:05:03.051Z] INFO Captured Chainlink opening tick. {"slug":"btc-updown-5m-1781589900","openingPrice":66090.9843707624,"tickTimestamp":"2026-06-16T06:05:00.000Z"}
[2026-06-16T06:05:03.069Z] INFO Skipped trade. {"slug":"btc-updown-5m-1781589900","reason":"btc_distance_below_threshold","market":"BTC","minDistanceUsd":{"UP":5,"DOWN":5},"openingPrice":66090.9843707624,"currentPrice":66092.01227}
[2026-06-16T06:05:03.069Z] INFO Tracking market. {"market":"ETH","slug":"eth-updown-5m-1781589900","title":"Ethereum Up or Down - June 16, 2:05AM-2:10AM ET","end":"2026-06-16T06:10:00.000Z","upToken":"109013725594953249452283654066930724064079299717392053017899831288700843567118","downToken":"98744712168061075883593615362885627032034540843980345448605461584478062770198","orderMinSize":5,"tickSize":"0.01"}
[2026-06-16T06:05:03.070Z] INFO Skipped trade. {"slug":"eth-updown-5m-1781589900","reason":"missing_opening_chainlink_tick"}
[2026-06-16T06:05:03.070Z] INFO Tracking market. {"market":"DOGE","slug":"doge-updown-5m-1781589900","title":"Dogecoin Up or Down - June 16, 2:05AM-2:10AM ET","end":"2026-06-16T06:10:00.000Z","upToken":"47173045241681229813483397343163851887122448967210809986394817748166977756335","downToken":"102995430976450343989923787313008164445898656158475453584894631364356627878216","orderMinSize":5,"tickSize":"0.01"}
[2026-06-16T06:05:03.071Z] INFO Skipped trade. {"slug":"doge-updown-5m-1781589900","reason":"missing_opening_chainlink_tick"}
[2026-06-16T06:05:05.117Z] INFO Captured Chainlink opening tick. {"slug":"eth-updown-5m-1781589900","openingPrice":1762.8648,"tickTimestamp":"2026-06-16T06:05:00.000Z"}
[2026-06-16T06:05:05.121Z] INFO Skipped trade. {"slug":"eth-updown-5m-1781589900","reason":"btc_distance_below_threshold","market":"ETH","minDistanceUsd":{"UP":0.5,"DOWN":0.5},"openingPrice":1762.8648,"currentPrice":1763.02127}
[2026-06-16T06:05:05.156Z] INFO Captured Chainlink opening tick. {"slug":"doge-updown-5m-1781589900","openingPrice":0.087314024,"tickTimestamp":"2026-06-16T06:05:00.000Z"}
[2026-06-16T06:05:05.164Z] INFO Skipped trade. {"slug":"doge-updown-5m-1781589900","reason":"btc_distance_below_threshold","market":"DOGE","minDistanceUsd":{"UP":0.0001,"DOWN":0.0001},"openingPrice":0.087314024,"currentPrice":0.087316852}
