[2026-06-03T19:52:06.189Z] INFO Polybot UI listening. {"url":"http://0.0.0.0:8788","host":"0.0.0.0","port":8788,"staticClient":false}
[2026-06-03T19:52:06.223Z] INFO Bot started. {"mode":"sim","enabledMarkets":["BTC","ETH","DOGE"],"minDistanceUsdByMarket":{"BTC":5,"ETH":1,"DOGE":0.0002},"minDistanceUsdByMarketOutcome":{"BTC":{"UP":5,"DOWN":10},"ETH":{"UP":0.25,"DOWN":1},"DOGE":{"UP":0.0002,"DOWN":0.00015}},"entryWindowSeconds":53,"entryWindowSecondsByMarket":{"BTC":53,"ETH":40,"DOGE":45},"entryWindowSecondsByMarketOutcome":{"BTC":{"UP":53,"DOWN":52},"ETH":{"UP":40,"DOWN":35},"DOGE":{"UP":45,"DOWN":45}},"maxAskPrice":0.75,"maxAskPriceByMarketOutcome":{"BTC":{"UP":0.75,"DOWN":0.8},"ETH":{"UP":0.9,"DOWN":0.97},"DOGE":{"UP":0.6,"DOWN":0.97}},"dailySpendLimitUsd":1000}
[2026-06-03T19:52:06.407Z] INFO Tracking market. {"market":"BTC","slug":"btc-updown-5m-1780516200","title":"Bitcoin Up or Down - June 3, 3:50PM-3:55PM ET","end":"2026-06-03T19:55:00.000Z","upToken":"90762509081324745617805219371782706973839540661888254044077904627652188283422","downToken":"29829669963244120903224529003265083719343668092802268561491790933872495995329","orderMinSize":5,"tickSize":"0.01"}
[2026-06-03T19:52:06.411Z] INFO Skipped trade. {"slug":"btc-updown-5m-1780516200","reason":"missing_current_chainlink_tick"}
[2026-06-03T19:52:06.412Z] INFO Tracking market. {"market":"ETH","slug":"eth-updown-5m-1780516200","title":"Ethereum Up or Down - June 3, 3:50PM-3:55PM ET","end":"2026-06-03T19:55:00.000Z","upToken":"100896234263710587099789450823675911276053749703364041387095393931383622726234","downToken":"112656985098180490132570284817261338643165202290626810785586262158716022925593","orderMinSize":5,"tickSize":"0.01"}
[2026-06-03T19:52:06.412Z] INFO Skipped trade. {"slug":"eth-updown-5m-1780516200","reason":"missing_current_chainlink_tick"}
[2026-06-03T19:52:06.413Z] INFO Tracking market. {"market":"DOGE","slug":"doge-updown-5m-1780516200","title":"Dogecoin Up or Down - June 3, 3:50PM-3:55PM ET","end":"2026-06-03T19:55:00.000Z","upToken":"8984889237223216180102098161135994454603824331830484620321997667688695479661","downToken":"61534953695006762425121682916911829586197263585799033242669122786770980971591","orderMinSize":5,"tickSize":"0.01"}
[2026-06-03T19:52:06.413Z] INFO Skipped trade. {"slug":"doge-updown-5m-1780516200","reason":"missing_current_chainlink_tick"}
[2026-06-03T19:52:06.574Z] INFO Connected to Polymarket RTDS Chainlink feed.
[2026-06-03T19:52:06.786Z] INFO Connected to Polymarket RTDS Chainlink feed.
[2026-06-03T19:54:09.461Z] INFO Skipped trade. {"slug":"btc-updown-5m-1780516200","reason":"no_ask_liquidity_under_cap","outcome":"DOWN"}
[2026-06-03T19:54:14.756Z] WARN Analytics sample recording failed; continuing. {"market":"DOGE","slug":"doge-updown-5m-1780516200","error":"ENOENT: no such file or directory, rename 'C:\\DEV\\tests\\Workspace de Yarbis\\Polybot\\data\\analytics-active.json.tmp' -> 'C:\\DEV\\tests\\Workspace de Yarbis\\Polybot\\data\\analytics-active.json'"}
[2026-06-03T19:54:16.353Z] INFO Skipped trade. {"slug":"doge-updown-5m-1780516200","reason":"no_ask_liquidity_under_cap","outcome":"DOWN"}
[2026-06-03T19:54:26.185Z] INFO Skipped trade. {"slug":"eth-updown-5m-1780516200","reason":"no_ask_liquidity_under_cap","outcome":"DOWN"}
[2026-06-03T19:55:00.394Z] INFO Tracking market. {"market":"BTC","slug":"btc-updown-5m-1780516500","title":"Bitcoin Up or Down - June 3, 3:55PM-4:00PM ET","end":"2026-06-03T20:00:00.000Z","upToken":"67181064106322225041211677473274627638363591227159341597548157983881396968805","downToken":"72119985188666584998411197151990132079830379099129749246095403901482461737623","orderMinSize":5,"tickSize":"0.01"}
[2026-06-03T19:55:00.456Z] INFO Captured Chainlink opening tick. {"slug":"btc-updown-5m-1780516500","openingPrice":65273.34499239143,"tickTimestamp":"2026-06-03T19:55:00.000Z"}
[2026-06-03T19:55:00.465Z] INFO Skipped trade. {"slug":"btc-updown-5m-1780516500","reason":"btc_distance_below_threshold","market":"BTC","minDistanceUsd":{"UP":5,"DOWN":10},"openingPrice":65273.34499239143,"currentPrice":65273.34499239143}
[2026-06-03T19:55:00.466Z] INFO Tracking market. {"market":"ETH","slug":"eth-updown-5m-1780516500","title":"Ethereum Up or Down - June 3, 3:55PM-4:00PM ET","end":"2026-06-03T20:00:00.000Z","upToken":"33839814023550906158793883581769096392066061988447867398281258128016187335653","downToken":"15631663064478568212480518668623807794724199557197932169516117280158731789063","orderMinSize":5,"tickSize":"0.01"}
[2026-06-03T19:55:00.467Z] INFO Skipped trade. {"slug":"eth-updown-5m-1780516500","reason":"missing_opening_chainlink_tick"}
[2026-06-03T19:55:00.468Z] INFO Tracking market. {"market":"DOGE","slug":"doge-updown-5m-1780516500","title":"Dogecoin Up or Down - June 3, 3:55PM-4:00PM ET","end":"2026-06-03T20:00:00.000Z","upToken":"6070409657778791713563678961336165862994859913492863993533543479715040876774","downToken":"19937880098951401007808283251460337054247873899627189574000928999303271895766","orderMinSize":5,"tickSize":"0.01"}
[2026-06-03T19:55:00.468Z] INFO Skipped trade. {"slug":"doge-updown-5m-1780516500","reason":"missing_opening_chainlink_tick"}
[2026-06-03T19:55:02.516Z] INFO Captured Chainlink opening tick. {"slug":"eth-updown-5m-1780516500","openingPrice":1801.402569804423,"tickTimestamp":"2026-06-03T19:55:00.000Z"}
[2026-06-03T19:55:02.531Z] INFO Skipped trade. {"slug":"eth-updown-5m-1780516500","reason":"btc_distance_below_threshold","market":"ETH","minDistanceUsd":{"UP":0.25,"DOWN":1},"openingPrice":1801.402569804423,"currentPrice":1801.4009}
[2026-06-03T19:55:02.558Z] INFO Captured Chainlink opening tick. {"slug":"doge-updown-5m-1780516500","openingPrice":0.0917415,"tickTimestamp":"2026-06-03T19:55:00.000Z"}
[2026-06-03T19:55:02.578Z] INFO Skipped trade. {"slug":"doge-updown-5m-1780516500","reason":"btc_distance_below_threshold","market":"DOGE","minDistanceUsd":{"UP":0.0002,"DOWN":0.00015},"openingPrice":0.0917415,"currentPrice":0.09174250298214}
[2026-06-03T19:57:56.676Z] INFO Skipped trade. {"slug":"btc-updown-5m-1780516500","reason":"stale_chainlink_tick","tickTimestamp":"2026-06-03T19:57:44.000Z"}
[2026-06-03T19:57:56.677Z] INFO Skipped trade. {"slug":"eth-updown-5m-1780516500","reason":"stale_chainlink_tick","tickTimestamp":"2026-06-03T19:57:26.000Z"}
[2026-06-03T19:57:56.677Z] INFO Skipped trade. {"slug":"doge-updown-5m-1780516500","reason":"stale_chainlink_tick","tickTimestamp":"2026-06-03T19:57:26.000Z"}
[2026-06-03T19:59:08.299Z] INFO Skipped trade. {"slug":"btc-updown-5m-1780516500","reason":"no_ask_liquidity_under_cap","outcome":"UP"}
[2026-06-03T19:59:23.362Z] INFO Trade attempt recorded. {"mode":"sim","slug":"eth-updown-5m-1780516500","outcome":"UP","amountUsd":10,"bestAsk":0.71,"estimatedShares":14.084507042253522}
[2026-06-03T19:59:24.897Z] INFO Skipped trade. {"slug":"eth-updown-5m-1780516500","reason":"market_already_traded"}
[2026-06-03T20:00:17.567Z] INFO Resolved trade. {"mode":"sim","slug":"eth-updown-5m-1780516500","outcome":"UP","winningOutcome":"DOWN","won":false,"finalPrice":1799.925094555161}
[2026-06-03T20:00:37.556Z] INFO Tracking market. {"market":"BTC","slug":"btc-updown-5m-1780516800","title":"Bitcoin Up or Down - June 3, 4:00PM-4:05PM ET","end":"2026-06-03T20:05:00.000Z","upToken":"81429892108613308580545719129382467543251427170924355158488924301911551367125","downToken":"85278979045972428810340061652328183845049572711522241323155497333477510308822","orderMinSize":5,"tickSize":"0.01"}
[2026-06-03T20:00:37.579Z] INFO Captured Chainlink opening tick. {"slug":"btc-updown-5m-1780516800","openingPrice":65371.17987381371,"tickTimestamp":"2026-06-03T20:00:00.000Z"}
[2026-06-03T20:00:37.583Z] INFO Tracking market. {"market":"ETH","slug":"eth-updown-5m-1780516800","title":"Ethereum Up or Down - June 3, 4:00PM-4:05PM ET","end":"2026-06-03T20:05:00.000Z","upToken":"59187678320435750895146536272096632207899706546577779387463993715213570444068","downToken":"102661963418695717033924371882623700847902107649292074275027847467729602554647","orderMinSize":5,"tickSize":"0.01"}
[2026-06-03T20:00:37.602Z] INFO Captured Chainlink opening tick. {"slug":"eth-updown-5m-1780516800","openingPrice":1801.09006,"tickTimestamp":"2026-06-03T20:00:00.000Z"}
[2026-06-03T20:00:37.610Z] INFO Tracking market. {"market":"DOGE","slug":"doge-updown-5m-1780516800","title":"Dogecoin Up or Down - June 3, 4:00PM-4:05PM ET","end":"2026-06-03T20:05:00.000Z","upToken":"58916281906479775626181903201777022612295230065618508510417412867802603861787","downToken":"80692170590128128876896754264284527186118961382241964411883059091740971937714","orderMinSize":5,"tickSize":"0.01"}
[2026-06-03T20:00:37.628Z] INFO Captured Chainlink opening tick. {"slug":"doge-updown-5m-1780516800","openingPrice":0.0916689,"tickTimestamp":"2026-06-03T20:00:00.000Z"}
[2026-06-03T20:00:37.632Z] INFO Skipped trade. {"slug":"doge-updown-5m-1780516800","reason":"btc_distance_below_threshold","market":"DOGE","minDistanceUsd":{"UP":0.0002,"DOWN":0.00015},"openingPrice":0.0916689,"currentPrice":0.0916164}
[2026-06-03T20:04:10.122Z] INFO Skipped trade. {"slug":"btc-updown-5m-1780516800","reason":"no_ask_liquidity_under_cap","outcome":"DOWN"}
[2026-06-03T20:04:16.698Z] INFO Skipped trade. {"slug":"doge-updown-5m-1780516800","reason":"no_ask_liquidity_under_cap","outcome":"DOWN"}
[2026-06-03T20:04:26.887Z] INFO Skipped trade. {"slug":"eth-updown-5m-1780516800","reason":"no_ask_liquidity_under_cap","outcome":"DOWN"}
[2026-06-03T20:05:01.145Z] INFO Tracking market. {"market":"BTC","slug":"btc-updown-5m-1780517100","title":"Bitcoin Up or Down - June 3, 4:05PM-4:10PM ET","end":"2026-06-03T20:10:00.000Z","upToken":"66805904698071214748493042510348749364022256119868754372795207370021961740150","downToken":"83365648919592681590255022010753401781152020873554064026107304269106612615846","orderMinSize":5,"tickSize":"0.01"}
[2026-06-03T20:05:01.174Z] INFO Captured Chainlink opening tick. {"slug":"btc-updown-5m-1780517100","openingPrice":65235.23511728749,"tickTimestamp":"2026-06-03T20:05:00.000Z"}
[2026-06-03T20:05:01.182Z] INFO Skipped trade. {"slug":"btc-updown-5m-1780517100","reason":"btc_distance_below_threshold","market":"BTC","minDistanceUsd":{"UP":5,"DOWN":10},"openingPrice":65235.23511728749,"currentPrice":65235.05093377573}
[2026-06-03T20:05:01.183Z] INFO Tracking market. {"market":"ETH","slug":"eth-updown-5m-1780517100","title":"Ethereum Up or Down - June 3, 4:05PM-4:10PM ET","end":"2026-06-03T20:10:00.000Z","upToken":"113571900343272603249368855359912235648650754063635193076258088978555349036638","downToken":"93779332527098870937761363059016282197571898022790859025852237537380335901294","orderMinSize":5,"tickSize":"0.01"}
[2026-06-03T20:05:01.183Z] INFO Skipped trade. {"slug":"eth-updown-5m-1780517100","reason":"missing_opening_chainlink_tick"}
[2026-06-03T20:05:01.184Z] INFO Tracking market. {"market":"DOGE","slug":"doge-updown-5m-1780517100","title":"Dogecoin Up or Down - June 3, 4:05PM-4:10PM ET","end":"2026-06-03T20:10:00.000Z","upToken":"40727933535028854692939250990029873599998143126138023271188733563002376785396","downToken":"30101521122009116089357309670676512495247130644387731154798748636785603734298","orderMinSize":5,"tickSize":"0.01"}
[2026-06-03T20:05:01.184Z] INFO Skipped trade. {"slug":"doge-updown-5m-1780517100","reason":"missing_opening_chainlink_tick"}
[2026-06-03T20:05:03.241Z] INFO Captured Chainlink opening tick. {"slug":"eth-updown-5m-1780517100","openingPrice":1796.803457885373,"tickTimestamp":"2026-06-03T20:05:00.000Z"}
[2026-06-03T20:05:03.257Z] INFO Skipped trade. {"slug":"eth-updown-5m-1780517100","reason":"btc_distance_below_threshold","market":"ETH","minDistanceUsd":{"UP":0.25,"DOWN":1},"openingPrice":1796.803457885373,"currentPrice":1796.7865558501949}
[2026-06-03T20:05:03.298Z] INFO Captured Chainlink opening tick. {"slug":"doge-updown-5m-1780517100","openingPrice":0.0913299,"tickTimestamp":"2026-06-03T20:05:00.000Z"}
[2026-06-03T20:05:03.307Z] INFO Skipped trade. {"slug":"doge-updown-5m-1780517100","reason":"btc_distance_below_threshold","market":"DOGE","minDistanceUsd":{"UP":0.0002,"DOWN":0.00015},"openingPrice":0.0913299,"currentPrice":0.0913395}
[2026-06-03T20:05:51.774Z] INFO Skipped trade. {"slug":"eth-updown-5m-1780517100","reason":"stale_chainlink_tick","tickTimestamp":"2026-06-03T20:05:22.000Z"}
[2026-06-03T20:05:51.774Z] INFO Skipped trade. {"slug":"doge-updown-5m-1780517100","reason":"stale_chainlink_tick","tickTimestamp":"2026-06-03T20:05:22.000Z"}
[2026-06-03T20:09:08.785Z] INFO Skipped trade. {"slug":"btc-updown-5m-1780517100","reason":"no_ask_liquidity_under_cap","outcome":"UP"}
[2026-06-03T20:09:17.115Z] INFO Skipped trade. {"slug":"doge-updown-5m-1780517100","reason":"no_ask_liquidity_under_cap","outcome":"UP"}
[2026-06-03T20:09:22.240Z] INFO Skipped trade. {"slug":"eth-updown-5m-1780517100","reason":"no_ask_liquidity_under_cap","outcome":"UP"}
[2026-06-03T20:10:01.573Z] INFO Tracking market. {"market":"BTC","slug":"btc-updown-5m-1780517400","title":"Bitcoin Up or Down - June 3, 4:10PM-4:15PM ET","end":"2026-06-03T20:15:00.000Z","upToken":"43305523986369526891044390756247736298788076263497732534866107068712723008867","downToken":"21845192428667563433121226836984007130700199412272075832067035277464482781058","orderMinSize":5,"tickSize":"0.01"}
[2026-06-03T20:10:01.594Z] INFO Captured Chainlink opening tick. {"slug":"btc-updown-5m-1780517400","openingPrice":65301.133054366175,"tickTimestamp":"2026-06-03T20:10:00.000Z"}
[2026-06-03T20:10:01.600Z] INFO Skipped trade. {"slug":"btc-updown-5m-1780517400","reason":"btc_distance_below_threshold","market":"BTC","minDistanceUsd":{"UP":5,"DOWN":10},"openingPrice":65301.133054366175,"currentPrice":65301.335271707845}
[2026-06-03T20:10:01.600Z] INFO Tracking market. {"market":"ETH","slug":"eth-updown-5m-1780517400","title":"Ethereum Up or Down - June 3, 4:10PM-4:15PM ET","end":"2026-06-03T20:15:00.000Z","upToken":"57951647727071349078898586999149436908809667593246481208017463021231554150599","downToken":"87463436038461046484184535066411256057913551012135918203481041620075419784622","orderMinSize":5,"tickSize":"0.01"}
[2026-06-03T20:10:01.600Z] INFO Skipped trade. {"slug":"eth-updown-5m-1780517400","reason":"missing_opening_chainlink_tick"}
[2026-06-03T20:10:01.601Z] INFO Tracking market. {"market":"DOGE","slug":"doge-updown-5m-1780517400","title":"Dogecoin Up or Down - June 3, 4:10PM-4:15PM ET","end":"2026-06-03T20:15:00.000Z","upToken":"32114759456183086768317915237600143881125148358124153786928206947474777075590","downToken":"114707401010718918683914406728183138488020996013367577816492053371285674692622","orderMinSize":5,"tickSize":"0.01"}
[2026-06-03T20:10:01.601Z] INFO Skipped trade. {"slug":"doge-updown-5m-1780517400","reason":"missing_opening_chainlink_tick"}
[2026-06-03T20:10:02.623Z] INFO Captured Chainlink opening tick. {"slug":"eth-updown-5m-1780517400","openingPrice":1802.479121005897,"tickTimestamp":"2026-06-03T20:10:00.000Z"}
[2026-06-03T20:10:02.654Z] INFO Skipped trade. {"slug":"eth-updown-5m-1780517400","reason":"btc_distance_below_threshold","market":"ETH","minDistanceUsd":{"UP":0.25,"DOWN":1},"openingPrice":1802.479121005897,"currentPrice":1802.5016246734644}
[2026-06-03T20:10:02.725Z] INFO Captured Chainlink opening tick. {"slug":"doge-updown-5m-1780517400","openingPrice":0.0917718,"tickTimestamp":"2026-06-03T20:10:00.000Z"}
[2026-06-03T20:10:02.769Z] INFO Skipped trade. {"slug":"doge-updown-5m-1780517400","reason":"btc_distance_below_threshold","market":"DOGE","minDistanceUsd":{"UP":0.0002,"DOWN":0.00015},"openingPrice":0.0917718,"currentPrice":0.0917725}
