[2026-06-05T09:36:10.482Z] INFO Polybot UI listening. {"url":"http://0.0.0.0:8788","host":"0.0.0.0","port":8788,"staticClient":false}
[2026-06-05T09:36:10.506Z] INFO Bot started. {"mode":"sim","enabledMarkets":["BTC","ETH","DOGE"],"minDistanceUsdByMarket":{"BTC":5,"ETH":0.5,"DOGE":0.0001},"minDistanceUsdByMarketOutcome":{"BTC":{"UP":5,"DOWN":5},"ETH":{"UP":0.5,"DOWN":0.5},"DOGE":{"UP":0.0001,"DOWN":0.0001}},"entryWindowSeconds":32,"entryWindowSecondsByMarket":{"BTC":32,"ETH":32,"DOGE":32},"entryWindowSecondsByMarketOutcome":{"BTC":{"UP":32,"DOWN":32},"ETH":{"UP":32,"DOWN":32},"DOGE":{"UP":32,"DOWN":32}},"maxAskPrice":0.6,"maxAskPriceByMarketOutcome":{"BTC":{"UP":0.6,"DOWN":0.6},"ETH":{"UP":0.6,"DOWN":0.6},"DOGE":{"UP":0.6,"DOWN":0.6}},"dailySpendLimitUsd":1000}
[2026-06-05T09:36:10.687Z] INFO Tracking market. {"market":"BTC","slug":"btc-updown-5m-1780652100","title":"Bitcoin Up or Down - June 5, 5:35AM-5:40AM ET","end":"2026-06-05T09:40:00.000Z","upToken":"112768734033083083871754853744674618207009975303362922170050488083869753705604","downToken":"22553242305845080926172113549889203484174177507487558725248997124727863916465","orderMinSize":5,"tickSize":"0.01"}
[2026-06-05T09:36:10.697Z] INFO Skipped trade. {"slug":"btc-updown-5m-1780652100","reason":"missing_current_chainlink_tick"}
[2026-06-05T09:36:10.697Z] INFO Tracking market. {"market":"ETH","slug":"eth-updown-5m-1780652100","title":"Ethereum Up or Down - June 5, 5:35AM-5:40AM ET","end":"2026-06-05T09:40:00.000Z","upToken":"67562735241207749181976381868563302872536549334748512702548323723494555767341","downToken":"73116379241732456177864859125642127296578196280471404468478767274599362676957","orderMinSize":5,"tickSize":"0.01"}
[2026-06-05T09:36:10.698Z] INFO Skipped trade. {"slug":"eth-updown-5m-1780652100","reason":"missing_current_chainlink_tick"}
[2026-06-05T09:36:10.698Z] INFO Tracking market. {"market":"DOGE","slug":"doge-updown-5m-1780652100","title":"Dogecoin Up or Down - June 5, 5:35AM-5:40AM ET","end":"2026-06-05T09:40:00.000Z","upToken":"11509803676273073817520854328700193594657111666588792490847159607885856450769","downToken":"35638443742989916353495356366588471948255910681063237874289765233527918870597","orderMinSize":5,"tickSize":"0.01"}
[2026-06-05T09:36:10.698Z] INFO Skipped trade. {"slug":"doge-updown-5m-1780652100","reason":"missing_current_chainlink_tick"}
[2026-06-05T09:36:10.840Z] INFO Connected to Polymarket RTDS Chainlink feed.
[2026-06-05T09:36:10.937Z] INFO Connected to Polymarket RTDS Chainlink feed.
[2026-06-05T09:36:11.705Z] INFO Skipped trade. {"slug":"doge-updown-5m-1780652100","reason":"btc_distance_below_threshold","market":"DOGE","minDistanceUsd":{"UP":0.0001,"DOWN":0.0001},"openingPrice":0.0844832518243679,"currentPrice":0.0844614286938934}
[2026-06-05T09:36:31.236Z] INFO Skipped trade. {"slug":"eth-updown-5m-1780652100","reason":"btc_distance_below_threshold","market":"ETH","minDistanceUsd":{"UP":0.5,"DOWN":0.5},"openingPrice":1682.6598136351076,"currentPrice":1682.2097407038618}
[2026-06-05T09:37:30.061Z] INFO Skipped trade. {"slug":"eth-updown-5m-1780652100","reason":"stale_chainlink_tick","tickTimestamp":"2026-06-05T09:37:20.000Z"}
[2026-06-05T09:37:30.061Z] INFO Skipped trade. {"slug":"doge-updown-5m-1780652100","reason":"stale_chainlink_tick","tickTimestamp":"2026-06-05T09:37:20.000Z"}
[2026-06-05T09:39:30.131Z] INFO Skipped trade. {"slug":"btc-updown-5m-1780652100","reason":"no_ask_liquidity_under_cap","outcome":"DOWN"}
[2026-06-05T09:39:30.131Z] INFO Skipped trade. {"slug":"eth-updown-5m-1780652100","reason":"no_ask_liquidity_under_cap","outcome":"DOWN"}
[2026-06-05T09:39:30.132Z] INFO Skipped trade. {"slug":"doge-updown-5m-1780652100","reason":"no_ask_liquidity_under_cap","outcome":"DOWN"}
[2026-06-05T09:40:00.374Z] INFO Tracking market. {"market":"BTC","slug":"btc-updown-5m-1780652400","title":"Bitcoin Up or Down - June 5, 5:40AM-5:45AM ET","end":"2026-06-05T09:45:00.000Z","upToken":"103462119870028685610354958302905166280349990703262339343261990021811695947660","downToken":"95732986988534195870429394672411279395357954064744961072957098441858918229160","orderMinSize":5,"tickSize":"0.01"}
[2026-06-05T09:40:00.375Z] INFO Skipped trade. {"slug":"btc-updown-5m-1780652400","reason":"missing_opening_chainlink_tick"}
[2026-06-05T09:40:00.375Z] INFO Tracking market. {"market":"ETH","slug":"eth-updown-5m-1780652400","title":"Ethereum Up or Down - June 5, 5:40AM-5:45AM ET","end":"2026-06-05T09:45:00.000Z","upToken":"34798621660610784579185391633154588314924723210579951761484457858004013255624","downToken":"29118518685661483693026725502199588591905759155580862779553875921055943051151","orderMinSize":5,"tickSize":"0.01"}
[2026-06-05T09:40:00.375Z] INFO Skipped trade. {"slug":"eth-updown-5m-1780652400","reason":"missing_opening_chainlink_tick"}
[2026-06-05T09:40:00.375Z] INFO Tracking market. {"market":"DOGE","slug":"doge-updown-5m-1780652400","title":"Dogecoin Up or Down - June 5, 5:40AM-5:45AM ET","end":"2026-06-05T09:45:00.000Z","upToken":"40316905953042276545662314247473569041883937915123308223414595420522328614166","downToken":"81372220080848698826576255261058349580135968612262459302051815638633295181234","orderMinSize":5,"tickSize":"0.01"}
[2026-06-05T09:40:00.375Z] INFO Skipped trade. {"slug":"doge-updown-5m-1780652400","reason":"missing_opening_chainlink_tick"}
[2026-06-05T09:40:01.403Z] INFO Captured Chainlink opening tick. {"slug":"btc-updown-5m-1780652400","openingPrice":62767.02688245595,"tickTimestamp":"2026-06-05T09:40:00.000Z"}
[2026-06-05T09:40:01.411Z] INFO Skipped trade. {"slug":"btc-updown-5m-1780652400","reason":"btc_distance_below_threshold","market":"BTC","minDistanceUsd":{"UP":5,"DOWN":5},"openingPrice":62767.02688245595,"currentPrice":62767.02688245595}
[2026-06-05T09:40:04.464Z] INFO Captured Chainlink opening tick. {"slug":"eth-updown-5m-1780652400","openingPrice":1677.663415935706,"tickTimestamp":"2026-06-05T09:40:00.000Z"}
[2026-06-05T09:40:04.479Z] INFO Skipped trade. {"slug":"eth-updown-5m-1780652400","reason":"btc_distance_below_threshold","market":"ETH","minDistanceUsd":{"UP":0.5,"DOWN":0.5},"openingPrice":1677.663415935706,"currentPrice":1677.8119432027593}
[2026-06-05T09:40:04.497Z] INFO Captured Chainlink opening tick. {"slug":"doge-updown-5m-1780652400","openingPrice":0.0841820584162035,"tickTimestamp":"2026-06-05T09:40:00.000Z"}
[2026-06-05T09:40:04.505Z] INFO Skipped trade. {"slug":"doge-updown-5m-1780652400","reason":"btc_distance_below_threshold","market":"DOGE","minDistanceUsd":{"UP":0.0001,"DOWN":0.0001},"openingPrice":0.0841820584162035,"currentPrice":0.084189804}
[2026-06-05T09:40:54.946Z] INFO Skipped trade. {"slug":"eth-updown-5m-1780652400","reason":"stale_chainlink_tick","tickTimestamp":"2026-06-05T09:40:22.000Z"}
[2026-06-05T09:40:54.946Z] INFO Skipped trade. {"slug":"doge-updown-5m-1780652400","reason":"stale_chainlink_tick","tickTimestamp":"2026-06-05T09:40:22.000Z"}
[2026-06-05T09:44:03.972Z] WARN Analytics sample recording failed; continuing. {"market":"ETH","slug":"eth-updown-5m-1780652400","error":"ENOENT: no such file or directory, rename 'C:\\DEV\\tests\\Workspace de Yarbis\\Polybot\\data\\analytics-active.json.tmp' -> 'C:\\DEV\\tests\\Workspace de Yarbis\\Polybot\\data\\analytics-active.json'"}
[2026-06-05T09:44:29.638Z] INFO Skipped trade. {"slug":"btc-updown-5m-1780652400","reason":"no_ask_liquidity_under_cap","outcome":"DOWN"}
[2026-06-05T09:44:29.638Z] INFO Skipped trade. {"slug":"eth-updown-5m-1780652400","reason":"no_ask_liquidity_under_cap","outcome":"DOWN"}
[2026-06-05T09:44:33.014Z] INFO Trade attempt recorded. {"mode":"sim","slug":"btc-updown-5m-1780652400","outcome":"DOWN","amountUsd":5,"bestAsk":0.58,"estimatedShares":8.483050847457626}
[2026-06-05T09:44:34.280Z] INFO Skipped trade. {"slug":"btc-updown-5m-1780652400","reason":"market_already_traded"}
[2026-06-05T09:44:51.501Z] INFO Skipped trade. {"slug":"doge-updown-5m-1780652400","reason":"no_ask_liquidity_under_cap","outcome":"UP"}
[2026-06-05T09:45:00.922Z] INFO Tracking market. {"market":"BTC","slug":"btc-updown-5m-1780652700","title":"Bitcoin Up or Down - June 5, 5:45AM-5:50AM ET","end":"2026-06-05T09:50:00.000Z","upToken":"50198908948661354986489519191456009729866971561302620643766404011455871955314","downToken":"47677751363200660601302511451599138161716627265718332488276017914311112382590","orderMinSize":5,"tickSize":"0.01"}
[2026-06-05T09:45:00.923Z] INFO Skipped trade. {"slug":"btc-updown-5m-1780652700","reason":"missing_opening_chainlink_tick"}
[2026-06-05T09:45:00.923Z] INFO Tracking market. {"market":"ETH","slug":"eth-updown-5m-1780652700","title":"Ethereum Up or Down - June 5, 5:45AM-5:50AM ET","end":"2026-06-05T09:50:00.000Z","upToken":"28659473139626761332506532958954388807876428644738958940325582158171908850787","downToken":"54433420043270123212574112310322366394470918557607634170430797927145049239637","orderMinSize":5,"tickSize":"0.01"}
[2026-06-05T09:45:00.923Z] INFO Skipped trade. {"slug":"eth-updown-5m-1780652700","reason":"missing_opening_chainlink_tick"}
[2026-06-05T09:45:00.923Z] INFO Tracking market. {"market":"DOGE","slug":"doge-updown-5m-1780652700","title":"Dogecoin Up or Down - June 5, 5:45AM-5:50AM ET","end":"2026-06-05T09:50:00.000Z","upToken":"8045402128313008017349342483134309318983454477695713772276962168133974528596","downToken":"56796604356470442273485480902610148507998100212692650884986716899857458980906","orderMinSize":5,"tickSize":"0.01"}
[2026-06-05T09:45:00.923Z] INFO Skipped trade. {"slug":"doge-updown-5m-1780652700","reason":"missing_opening_chainlink_tick"}
[2026-06-05T09:45:02.966Z] INFO Resolved trade. {"mode":"sim","slug":"btc-updown-5m-1780652400","outcome":"DOWN","winningOutcome":"UP","won":false,"finalPrice":62772.06165159374}
[2026-06-05T09:45:02.985Z] INFO Captured Chainlink opening tick. {"slug":"btc-updown-5m-1780652700","openingPrice":62772.31913768826,"tickTimestamp":"2026-06-05T09:45:00.000Z"}
[2026-06-05T09:45:02.990Z] INFO Skipped trade. {"slug":"btc-updown-5m-1780652700","reason":"btc_distance_below_threshold","market":"BTC","minDistanceUsd":{"UP":5,"DOWN":5},"openingPrice":62772.31913768826,"currentPrice":62772.06165159374}
[2026-06-05T09:45:06.064Z] INFO Captured Chainlink opening tick. {"slug":"eth-updown-5m-1780652700","openingPrice":1677.1745661507368,"tickTimestamp":"2026-06-05T09:45:00.000Z"}
[2026-06-05T09:45:06.068Z] INFO Skipped trade. {"slug":"eth-updown-5m-1780652700","reason":"btc_distance_below_threshold","market":"ETH","minDistanceUsd":{"UP":0.5,"DOWN":0.5},"openingPrice":1677.1745661507368,"currentPrice":1677.354052023275}
[2026-06-05T09:45:06.076Z] INFO Captured Chainlink opening tick. {"slug":"doge-updown-5m-1780652700","openingPrice":0.0843075,"tickTimestamp":"2026-06-05T09:45:00.000Z"}
[2026-06-05T09:45:06.082Z] INFO Skipped trade. {"slug":"doge-updown-5m-1780652700","reason":"btc_distance_below_threshold","market":"DOGE","minDistanceUsd":{"UP":0.0001,"DOWN":0.0001},"openingPrice":0.0843075,"currentPrice":0.0842996517031376}
[2026-06-05T09:49:29.795Z] INFO Skipped trade. {"slug":"btc-updown-5m-1780652700","reason":"no_ask_liquidity_under_cap","outcome":"UP"}
[2026-06-05T09:49:29.795Z] INFO Skipped trade. {"slug":"eth-updown-5m-1780652700","reason":"no_ask_liquidity_under_cap","outcome":"UP"}
[2026-06-05T09:49:29.795Z] INFO Skipped trade. {"slug":"doge-updown-5m-1780652700","reason":"no_ask_liquidity_under_cap","outcome":"UP"}
[2026-06-05T09:50:01.203Z] INFO Tracking market. {"market":"BTC","slug":"btc-updown-5m-1780653000","title":"Bitcoin Up or Down - June 5, 5:50AM-5:55AM ET","end":"2026-06-05T09:55:00.000Z","upToken":"7409268339275485179643552831568869946537457626574598274696077342561386165811","downToken":"51086988051969289015042291451303524062934880197299664997399393003013031115969","orderMinSize":5,"tickSize":"0.01"}
[2026-06-05T09:50:01.203Z] INFO Skipped trade. {"slug":"btc-updown-5m-1780653000","reason":"missing_opening_chainlink_tick"}
[2026-06-05T09:50:01.203Z] INFO Tracking market. {"market":"ETH","slug":"eth-updown-5m-1780653000","title":"Ethereum Up or Down - June 5, 5:50AM-5:55AM ET","end":"2026-06-05T09:55:00.000Z","upToken":"52807229498608279411123333926158244824630227340778072217726111061454004510869","downToken":"100244080358184389113425365302608379188497331269600403975616753905549175213682","orderMinSize":5,"tickSize":"0.01"}
[2026-06-05T09:50:01.203Z] INFO Skipped trade. {"slug":"eth-updown-5m-1780653000","reason":"missing_opening_chainlink_tick"}
[2026-06-05T09:50:01.204Z] INFO Tracking market. {"market":"DOGE","slug":"doge-updown-5m-1780653000","title":"Dogecoin Up or Down - June 5, 5:50AM-5:55AM ET","end":"2026-06-05T09:55:00.000Z","upToken":"100496118768659362451196855285712610962258936772113452930316882412706073036681","downToken":"110462384194995655466759498921141255489583093799764850002195987050186876122448","orderMinSize":5,"tickSize":"0.01"}
[2026-06-05T09:50:01.204Z] INFO Skipped trade. {"slug":"doge-updown-5m-1780653000","reason":"missing_opening_chainlink_tick"}
[2026-06-05T09:50:02.243Z] INFO Captured Chainlink opening tick. {"slug":"btc-updown-5m-1780653000","openingPrice":62797.22768274936,"tickTimestamp":"2026-06-05T09:50:00.000Z"}
[2026-06-05T09:50:02.277Z] INFO Skipped trade. {"slug":"btc-updown-5m-1780653000","reason":"btc_distance_below_threshold","market":"BTC","minDistanceUsd":{"UP":5,"DOWN":5},"openingPrice":62797.22768274936,"currentPrice":62797.22768274936}
[2026-06-05T09:50:06.354Z] INFO Captured Chainlink opening tick. {"slug":"eth-updown-5m-1780653000","openingPrice":1678.04829,"tickTimestamp":"2026-06-05T09:50:00.000Z"}
[2026-06-05T09:50:06.359Z] INFO Skipped trade. {"slug":"eth-updown-5m-1780653000","reason":"btc_distance_below_threshold","market":"ETH","minDistanceUsd":{"UP":0.5,"DOWN":0.5},"openingPrice":1678.04829,"currentPrice":1677.84228}
[2026-06-05T09:50:06.366Z] INFO Captured Chainlink opening tick. {"slug":"doge-updown-5m-1780653000","openingPrice":0.0844000444580327,"tickTimestamp":"2026-06-05T09:50:00.000Z"}
[2026-06-05T09:50:06.369Z] INFO Skipped trade. {"slug":"doge-updown-5m-1780653000","reason":"btc_distance_below_threshold","market":"DOGE","minDistanceUsd":{"UP":0.0001,"DOWN":0.0001},"openingPrice":0.0844000444580327,"currentPrice":0.08440166}
[2026-06-05T09:50:36.943Z] WARN Bot loop iteration failed; retrying. {"error":"fetch failed"}
[2026-06-05T09:50:37.953Z] WARN Bot loop iteration failed; retrying. {"error":"fetch failed"}
[2026-06-05T09:50:38.964Z] WARN Bot loop iteration failed; retrying. {"error":"fetch failed"}
[2026-06-05T09:50:39.975Z] WARN Bot loop iteration failed; retrying. {"error":"fetch failed"}
[2026-06-05T09:50:40.991Z] WARN Bot loop iteration failed; retrying. {"error":"fetch failed"}
[2026-06-05T09:50:42.003Z] WARN Bot loop iteration failed; retrying. {"error":"fetch failed"}
[2026-06-05T09:50:43.016Z] WARN Bot loop iteration failed; retrying. {"error":"fetch failed"}
[2026-06-05T09:50:44.028Z] WARN Bot loop iteration failed; retrying. {"error":"fetch failed"}
[2026-06-05T09:50:45.044Z] WARN Bot loop iteration failed; retrying. {"error":"fetch failed"}
[2026-06-05T09:50:46.054Z] WARN Bot loop iteration failed; retrying. {"error":"fetch failed"}
[2026-06-05T09:50:47.065Z] WARN Bot loop iteration failed; retrying. {"error":"fetch failed"}
[2026-06-05T09:50:48.077Z] WARN Bot loop iteration failed; retrying. {"error":"fetch failed"}
[2026-06-05T09:50:49.092Z] WARN Bot loop iteration failed; retrying. {"error":"fetch failed"}
[2026-06-05T09:50:50.106Z] WARN Bot loop iteration failed; retrying. {"error":"fetch failed"}
[2026-06-05T09:50:51.123Z] WARN Bot loop iteration failed; retrying. {"error":"fetch failed"}
[2026-06-05T09:50:52.142Z] WARN Bot loop iteration failed; retrying. {"error":"fetch failed"}
[2026-06-05T09:50:53.154Z] WARN Bot loop iteration failed; retrying. {"error":"fetch failed"}
[2026-06-05T09:50:54.168Z] WARN Bot loop iteration failed; retrying. {"error":"fetch failed"}
[2026-06-05T09:50:55.174Z] WARN Bot loop iteration failed; retrying. {"error":"fetch failed"}
