
> polybot-crypto-5m@0.1.0 ui:sim
> tsx src/ui/index.ts --auto-start=sim

[31mWebSocket server error: Port 24678 is already in use[39m
[2026-05-30T03:15:32.075Z] INFO Polybot UI listening. {"url":"http://0.0.0.0 :8788","host":"0.0.0.0 ","port":8788,"staticClient":false}
[2026-05-30T03:15:32.099Z] INFO Bot started. {"mode":"sim","enabledMarkets":["BTC","ETH","DOGE"],"minDistanceUsdByMarket":{"BTC":13,"ETH":0.25,"DOGE":0.0002},"minDistanceUsdByMarketOutcome":{"BTC":{"UP":13,"DOWN":14},"ETH":{"UP":0.25,"DOWN":1.5},"DOGE":{"UP":0.0002,"DOWN":0.00015}},"entryWindowSeconds":58,"entryWindowSecondsByMarket":{"BTC":58,"ETH":47,"DOGE":45},"entryWindowSecondsByMarketOutcome":{"BTC":{"UP":58,"DOWN":52},"ETH":{"UP":47,"DOWN":35},"DOGE":{"UP":45,"DOWN":45}},"maxAskPrice":0.8,"maxAskPriceByMarketOutcome":{"BTC":{"UP":0.8,"DOWN":0.8},"ETH":{"UP":0.9,"DOWN":0.97},"DOGE":{"UP":0.6,"DOWN":0.97}},"dailySpendLimitUsd":1000}
[2026-05-30T03:15:32.249Z] INFO Tracking market. {"market":"BTC","slug":"btc-updown-5m-1780110900","title":"Bitcoin Up or Down - May 29, 11:15PM-11:20PM ET","end":"2026-05-30T03:20:00.000Z","upToken":"41492140079930036246438879244981483624814180794359803092728215513108088763771","downToken":"60050250286351297426518111283551354590473956730606854685845564212939627225313","orderMinSize":5,"tickSize":"0.01"}
[2026-05-30T03:15:32.259Z] INFO Skipped trade. {"slug":"btc-updown-5m-1780110900","reason":"missing_current_chainlink_tick"}
[2026-05-30T03:15:32.259Z] INFO Tracking market. {"market":"ETH","slug":"eth-updown-5m-1780110900","title":"Ethereum Up or Down - May 29, 11:15PM-11:20PM ET","end":"2026-05-30T03:20:00.000Z","upToken":"81162050808474316948306947572987562949752701680248489256140918210264127047195","downToken":"19447862196917874367517907734148037822636118945017779286514492476322851831922","orderMinSize":5,"tickSize":"0.01"}
[2026-05-30T03:15:32.259Z] INFO Skipped trade. {"slug":"eth-updown-5m-1780110900","reason":"missing_current_chainlink_tick"}
[2026-05-30T03:15:32.259Z] INFO Tracking market. {"market":"DOGE","slug":"doge-updown-5m-1780110900","title":"Dogecoin Up or Down - May 29, 11:15PM-11:20PM ET","end":"2026-05-30T03:20:00.000Z","upToken":"22478490312147791812992108442690664926336030917798701685358037374276378950431","downToken":"107922150664769220616402768661022561126030239893475111497126328733470843159401","orderMinSize":5,"tickSize":"0.01"}
[2026-05-30T03:15:32.259Z] INFO Skipped trade. {"slug":"doge-updown-5m-1780110900","reason":"missing_current_chainlink_tick"}
[2026-05-30T03:15:32.663Z] INFO Connected to Polymarket RTDS Chainlink feed.
[2026-05-30T03:15:32.785Z] INFO Connected to Polymarket RTDS Chainlink feed.
[2026-05-30T03:15:33.262Z] INFO Skipped trade. {"slug":"btc-updown-5m-1780110900","reason":"btc_distance_below_threshold","market":"BTC","minDistanceUsd":{"UP":13,"DOWN":14},"openingPrice":73668.19766099908,"currentPrice":73664.42227092628}
[2026-05-30T03:15:33.263Z] INFO Skipped trade. {"slug":"eth-updown-5m-1780110900","reason":"btc_distance_below_threshold","market":"ETH","minDistanceUsd":{"UP":0.25,"DOWN":1.5},"openingPrice":2019.88603589072,"currentPrice":2019.7371877995447}
[2026-05-30T03:15:33.263Z] INFO Skipped trade. {"slug":"doge-updown-5m-1780110900","reason":"btc_distance_below_threshold","market":"DOGE","minDistanceUsd":{"UP":0.0002,"DOWN":0.00015},"openingPrice":0.1016268009902534,"currentPrice":0.101575}
[2026-05-30T03:19:10.163Z] INFO Skipped trade. {"slug":"btc-updown-5m-1780110900","reason":"no_ask_liquidity_under_cap","outcome":"DOWN"}
[2026-05-30T03:19:17.344Z] INFO Skipped trade. {"slug":"doge-updown-5m-1780110900","reason":"no_ask_liquidity_under_cap","outcome":"DOWN"}
[2026-05-30T03:19:31.207Z] WARN Analytics sample recording failed; continuing. {"market":"ETH","slug":"eth-updown-5m-1780110900","error":"ENOENT: no such file or directory, rename 'C:\\DEV\\tests\\Workspace de Yarbis\\Polybot\\data\\analytics-active.json.tmp' -> 'C:\\DEV\\tests\\Workspace de Yarbis\\Polybot\\data\\analytics-active.json'"}
[2026-05-30T03:20:00.846Z] INFO Tracking market. {"market":"BTC","slug":"btc-updown-5m-1780111200","title":"Bitcoin Up or Down - May 29, 11:20PM-11:25PM ET","end":"2026-05-30T03:25:00.000Z","upToken":"69693218708850097868560877365168780330753211392610883219234485313997282322161","downToken":"4311153576838215756539146458619861917548922028327403626747759009629478598866","orderMinSize":5,"tickSize":"0.01"}
[2026-05-30T03:20:00.857Z] INFO Captured Chainlink opening tick. {"slug":"btc-updown-5m-1780111200","openingPrice":73634.66381060555,"tickTimestamp":"2026-05-30T03:20:00.000Z"}
[2026-05-30T03:20:00.861Z] INFO Skipped trade. {"slug":"btc-updown-5m-1780111200","reason":"btc_distance_below_threshold","market":"BTC","minDistanceUsd":{"UP":13,"DOWN":14},"openingPrice":73634.66381060555,"currentPrice":73634.66381060555}
[2026-05-30T03:20:00.861Z] INFO Tracking market. {"market":"ETH","slug":"eth-updown-5m-1780111200","title":"Ethereum Up or Down - May 29, 11:20PM-11:25PM ET","end":"2026-05-30T03:25:00.000Z","upToken":"10681151702709276599976312850732343677417178665378058355981098733052818886802","downToken":"83321361371529353848306711243377702049745737629326738811289127127330800074598","orderMinSize":5,"tickSize":"0.01"}
[2026-05-30T03:20:00.861Z] INFO Skipped trade. {"slug":"eth-updown-5m-1780111200","reason":"missing_opening_chainlink_tick"}
[2026-05-30T03:20:00.861Z] INFO Tracking market. {"market":"DOGE","slug":"doge-updown-5m-1780111200","title":"Dogecoin Up or Down - May 29, 11:20PM-11:25PM ET","end":"2026-05-30T03:25:00.000Z","upToken":"6149701747296438430523295735416812820123735003444716722572946834117442882635","downToken":"62925611980104081412461650302908760566743220271652389166127407776755565737366","orderMinSize":5,"tickSize":"0.01"}
[2026-05-30T03:20:00.861Z] INFO Skipped trade. {"slug":"doge-updown-5m-1780111200","reason":"missing_opening_chainlink_tick"}
[2026-05-30T03:20:03.891Z] INFO Captured Chainlink opening tick. {"slug":"eth-updown-5m-1780111200","openingPrice":2018.901815,"tickTimestamp":"2026-05-30T03:20:00.000Z"}
[2026-05-30T03:20:03.895Z] INFO Skipped trade. {"slug":"eth-updown-5m-1780111200","reason":"btc_distance_below_threshold","market":"ETH","minDistanceUsd":{"UP":0.25,"DOWN":1.5},"openingPrice":2018.901815,"currentPrice":2018.8900649039033}
[2026-05-30T03:20:03.900Z] INFO Captured Chainlink opening tick. {"slug":"doge-updown-5m-1780111200","openingPrice":0.10143331,"tickTimestamp":"2026-05-30T03:20:00.000Z"}
[2026-05-30T03:20:03.904Z] INFO Skipped trade. {"slug":"doge-updown-5m-1780111200","reason":"btc_distance_below_threshold","market":"DOGE","minDistanceUsd":{"UP":0.0002,"DOWN":0.00015},"openingPrice":0.10143331,"currentPrice":0.10143397}
[2026-05-30T03:24:17.522Z] INFO Skipped trade. {"slug":"doge-updown-5m-1780111200","reason":"no_ask_liquidity_under_cap","outcome":"DOWN"}
[2026-05-30T03:24:37.845Z] INFO Skipped trade. {"slug":"btc-updown-5m-1780111200","reason":"no_ask_liquidity_under_cap","outcome":"DOWN"}
[2026-05-30T03:25:00.518Z] INFO Tracking market. {"market":"BTC","slug":"btc-updown-5m-1780111500","title":"Bitcoin Up or Down - May 29, 11:25PM-11:30PM ET","end":"2026-05-30T03:30:00.000Z","upToken":"14771210018079092574509310802412655751680252309647368489129012953627134434935","downToken":"29336467072194486109282942600754710109432118438874487567678975824010770564257","orderMinSize":5,"tickSize":"0.01"}
[2026-05-30T03:25:00.524Z] INFO Captured Chainlink opening tick. {"slug":"btc-updown-5m-1780111500","openingPrice":73606.67938242422,"tickTimestamp":"2026-05-30T03:25:00.000Z"}
[2026-05-30T03:25:00.529Z] INFO Skipped trade. {"slug":"btc-updown-5m-1780111500","reason":"btc_distance_below_threshold","market":"BTC","minDistanceUsd":{"UP":13,"DOWN":14},"openingPrice":73606.67938242422,"currentPrice":73606.67938242422}
[2026-05-30T03:25:00.529Z] INFO Tracking market. {"market":"ETH","slug":"eth-updown-5m-1780111500","title":"Ethereum Up or Down - May 29, 11:25PM-11:30PM ET","end":"2026-05-30T03:30:00.000Z","upToken":"12488137724622023675716828958323754105127103304589652796367547848316991748807","downToken":"108928870363566361396862881780110477962437645980453233641899485251022007640258","orderMinSize":5,"tickSize":"0.01"}
[2026-05-30T03:25:00.529Z] INFO Skipped trade. {"slug":"eth-updown-5m-1780111500","reason":"missing_opening_chainlink_tick"}
[2026-05-30T03:25:00.529Z] INFO Tracking market. {"market":"DOGE","slug":"doge-updown-5m-1780111500","title":"Dogecoin Up or Down - May 29, 11:25PM-11:30PM ET","end":"2026-05-30T03:30:00.000Z","upToken":"75153126708038215618344294275019735201834729106894684539178759072926196636145","downToken":"47636105671379445602682315934357961477895698910818423681111727402308903115133","orderMinSize":5,"tickSize":"0.01"}
[2026-05-30T03:25:00.529Z] INFO Skipped trade. {"slug":"doge-updown-5m-1780111500","reason":"missing_opening_chainlink_tick"}
[2026-05-30T03:25:04.585Z] INFO Captured Chainlink opening tick. {"slug":"eth-updown-5m-1780111500","openingPrice":2018.1219409921532,"tickTimestamp":"2026-05-30T03:25:00.000Z"}
[2026-05-30T03:25:04.589Z] INFO Skipped trade. {"slug":"eth-updown-5m-1780111500","reason":"btc_distance_below_threshold","market":"ETH","minDistanceUsd":{"UP":0.25,"DOWN":1.5},"openingPrice":2018.1219409921532,"currentPrice":2018.1550858227865}
[2026-05-30T03:25:04.595Z] INFO Captured Chainlink opening tick. {"slug":"doge-updown-5m-1780111500","openingPrice":0.1012097529147428,"tickTimestamp":"2026-05-30T03:25:00.000Z"}
[2026-05-30T03:25:04.598Z] INFO Skipped trade. {"slug":"doge-updown-5m-1780111500","reason":"btc_distance_below_threshold","market":"DOGE","minDistanceUsd":{"UP":0.0002,"DOWN":0.00015},"openingPrice":0.1012097529147428,"currentPrice":0.1012247162652582}
[2026-05-30T03:29:09.012Z] INFO Skipped trade. {"slug":"btc-updown-5m-1780111500","reason":"no_ask_liquidity_under_cap","outcome":"DOWN"}
[2026-05-30T03:30:00.587Z] INFO Tracking market. {"market":"BTC","slug":"btc-updown-5m-1780111800","title":"Bitcoin Up or Down - May 29, 11:30PM-11:35PM ET","end":"2026-05-30T03:35:00.000Z","upToken":"69314736029300604917388843297042098804680872780637568398249673684466088439064","downToken":"77263699722951678041970784599456353663290249962171052307037621501198149614599","orderMinSize":5,"tickSize":"0.01"}
[2026-05-30T03:30:00.593Z] INFO Captured Chainlink opening tick. {"slug":"btc-updown-5m-1780111800","openingPrice":73572.1734973394,"tickTimestamp":"2026-05-30T03:30:00.000Z"}
[2026-05-30T03:30:00.597Z] INFO Skipped trade. {"slug":"btc-updown-5m-1780111800","reason":"btc_distance_below_threshold","market":"BTC","minDistanceUsd":{"UP":13,"DOWN":14},"openingPrice":73572.1734973394,"currentPrice":73572.1734973394}
[2026-05-30T03:30:00.597Z] INFO Tracking market. {"market":"ETH","slug":"eth-updown-5m-1780111800","title":"Ethereum Up or Down - May 29, 11:30PM-11:35PM ET","end":"2026-05-30T03:35:00.000Z","upToken":"39866472768789357052377310085436579737331707179420385754028074837057936251506","downToken":"112878615682104364407317397191319689812221333682210858385252718141582171139943","orderMinSize":5,"tickSize":"0.01"}
[2026-05-30T03:30:00.597Z] INFO Skipped trade. {"slug":"eth-updown-5m-1780111800","reason":"missing_opening_chainlink_tick"}
[2026-05-30T03:30:00.597Z] INFO Tracking market. {"market":"DOGE","slug":"doge-updown-5m-1780111800","title":"Dogecoin Up or Down - May 29, 11:30PM-11:35PM ET","end":"2026-05-30T03:35:00.000Z","upToken":"89623168322264450776995913555369204952890940442522487465171846397670412145625","downToken":"114480181882271689490631566947630669016027522362170937872079077602896361026088","orderMinSize":5,"tickSize":"0.01"}
[2026-05-30T03:30:00.598Z] INFO Skipped trade. {"slug":"doge-updown-5m-1780111800","reason":"missing_opening_chainlink_tick"}
[2026-05-30T03:30:04.647Z] INFO Captured Chainlink opening tick. {"slug":"eth-updown-5m-1780111800","openingPrice":2017.58954158447,"tickTimestamp":"2026-05-30T03:30:00.000Z"}
[2026-05-30T03:30:04.651Z] INFO Skipped trade. {"slug":"eth-updown-5m-1780111800","reason":"btc_distance_below_threshold","market":"ETH","minDistanceUsd":{"UP":0.25,"DOWN":1.5},"openingPrice":2017.58954158447,"currentPrice":2017.5732802695427}
[2026-05-30T03:30:04.656Z] INFO Captured Chainlink opening tick. {"slug":"doge-updown-5m-1780111800","openingPrice":0.1012907370645337,"tickTimestamp":"2026-05-30T03:30:00.000Z"}
[2026-05-30T03:30:04.660Z] INFO Skipped trade. {"slug":"doge-updown-5m-1780111800","reason":"btc_distance_below_threshold","market":"DOGE","minDistanceUsd":{"UP":0.0002,"DOWN":0.00015},"openingPrice":0.1012907370645337,"currentPrice":0.1012859773497992}
[2026-05-30T03:34:08.809Z] INFO Skipped trade. {"slug":"btc-updown-5m-1780111800","reason":"no_ask_liquidity_under_cap","outcome":"DOWN"}
[2026-05-30T03:34:26.657Z] INFO Skipped trade. {"slug":"eth-updown-5m-1780111800","reason":"no_ask_liquidity_under_cap","outcome":"DOWN"}
[2026-05-30T03:34:51.395Z] INFO Skipped trade. {"slug":"doge-updown-5m-1780111800","reason":"no_ask_liquidity_under_cap","outcome":"DOWN"}
[2026-05-30T03:35:01.682Z] INFO Tracking market. {"market":"BTC","slug":"btc-updown-5m-1780112100","title":"Bitcoin Up or Down - May 29, 11:35PM-11:40PM ET","end":"2026-05-30T03:40:00.000Z","upToken":"97977150963525940749819055125055722468644533092038583091679187355184542718900","downToken":"19408069816927058432113858270882395782836560027273356761952411372166761691065","orderMinSize":5,"tickSize":"0.01"}
[2026-05-30T03:35:01.689Z] INFO Captured Chainlink opening tick. {"slug":"btc-updown-5m-1780112100","openingPrice":73518.58555078816,"tickTimestamp":"2026-05-30T03:35:00.000Z"}
[2026-05-30T03:35:01.693Z] INFO Skipped trade. {"slug":"btc-updown-5m-1780112100","reason":"btc_distance_below_threshold","market":"BTC","minDistanceUsd":{"UP":13,"DOWN":14},"openingPrice":73518.58555078816,"currentPrice":73517.0001615441}
[2026-05-30T03:35:01.693Z] INFO Tracking market. {"market":"ETH","slug":"eth-updown-5m-1780112100","title":"Ethereum Up or Down - May 29, 11:35PM-11:40PM ET","end":"2026-05-30T03:40:00.000Z","upToken":"9598293031897692641249794091965417571684330120324783269358603004903957445710","downToken":"9627348187670950395182139998201455428122244703116950256344609133327352030307","orderMinSize":5,"tickSize":"0.01"}
[2026-05-30T03:35:01.693Z] INFO Skipped trade. {"slug":"eth-updown-5m-1780112100","reason":"missing_opening_chainlink_tick"}
[2026-05-30T03:35:01.693Z] INFO Tracking market. {"market":"DOGE","slug":"doge-updown-5m-1780112100","title":"Dogecoin Up or Down - May 29, 11:35PM-11:40PM ET","end":"2026-05-30T03:40:00.000Z","upToken":"19222844995225310124963034075580640714192692210549249785809518163561678976340","downToken":"43416072887833223945844455788656323728382252907524975059994069684359150679940","orderMinSize":5,"tickSize":"0.01"}
[2026-05-30T03:35:01.693Z] INFO Skipped trade. {"slug":"doge-updown-5m-1780112100","reason":"missing_opening_chainlink_tick"}
[2026-05-30T03:35:05.739Z] INFO Captured Chainlink opening tick. {"slug":"eth-updown-5m-1780112100","openingPrice":2014.5008185691759,"tickTimestamp":"2026-05-30T03:35:00.000Z"}
[2026-05-30T03:35:05.749Z] INFO Skipped trade. {"slug":"eth-updown-5m-1780112100","reason":"btc_distance_below_threshold","market":"ETH","minDistanceUsd":{"UP":0.25,"DOWN":1.5},"openingPrice":2014.5008185691759,"currentPrice":2014.67034}
[2026-05-30T03:35:05.765Z] INFO Captured Chainlink opening tick. {"slug":"doge-updown-5m-1780112100","openingPrice":0.1011212524264708,"tickTimestamp":"2026-05-30T03:35:00.000Z"}
[2026-05-30T03:35:05.775Z] INFO Skipped trade. {"slug":"doge-updown-5m-1780112100","reason":"btc_distance_below_threshold","market":"DOGE","minDistanceUsd":{"UP":0.0002,"DOWN":0.00015},"openingPrice":0.1011212524264708,"currentPrice":0.1011465582934677}
[2026-05-30T03:40:00.280Z] INFO Tracking market. {"market":"BTC","slug":"btc-updown-5m-1780112400","title":"Bitcoin Up or Down - May 29, 11:40PM-11:45PM ET","end":"2026-05-30T03:45:00.000Z","upToken":"30362233699395392699984192415147178023611792142233188102808767604341901467938","downToken":"23717023875125753875025585814944760405407309601303819393664498496681952712770","orderMinSize":5,"tickSize":"0.01"}
[2026-05-30T03:40:00.306Z] INFO Captured Chainlink opening tick. {"slug":"btc-updown-5m-1780112400","openingPrice":73508.99893989215,"tickTimestamp":"2026-05-30T03:40:00.000Z"}
[2026-05-30T03:40:00.314Z] INFO Skipped trade. {"slug":"btc-updown-5m-1780112400","reason":"btc_distance_below_threshold","market":"BTC","minDistanceUsd":{"UP":13,"DOWN":14},"openingPrice":73508.99893989215,"currentPrice":73508.99893989215}
[2026-05-30T03:40:00.314Z] INFO Tracking market. {"market":"ETH","slug":"eth-updown-5m-1780112400","title":"Ethereum Up or Down - May 29, 11:40PM-11:45PM ET","end":"2026-05-30T03:45:00.000Z","upToken":"74933313678844941798755309765589497421069242603938631925588352555427386750768","downToken":"87397230224307747388202850466856384546406173794668331099319075030910209634929","orderMinSize":5,"tickSize":"0.01"}
[2026-05-30T03:40:00.327Z] INFO Captured Chainlink opening tick. {"slug":"eth-updown-5m-1780112400","openingPrice":2014.5388052904996,"tickTimestamp":"2026-05-30T03:40:00.000Z"}
[2026-05-30T03:40:00.334Z] INFO Skipped trade. {"slug":"eth-updown-5m-1780112400","reason":"btc_distance_below_threshold","market":"ETH","minDistanceUsd":{"UP":0.25,"DOWN":1.5},"openingPrice":2014.5388052904996,"currentPrice":2014.5388052904996}
[2026-05-30T03:40:00.334Z] INFO Tracking market. {"market":"DOGE","slug":"doge-updown-5m-1780112400","title":"Dogecoin Up or Down - May 29, 11:40PM-11:45PM ET","end":"2026-05-30T03:45:00.000Z","upToken":"22768743894660074497517627842898589328303277311920415129477405213472284986539","downToken":"106244104181717921398997175019811708747297879739193096652827492353905473936768","orderMinSize":5,"tickSize":"0.01"}
[2026-05-30T03:40:00.346Z] INFO Captured Chainlink opening tick. {"slug":"doge-updown-5m-1780112400","openingPrice":0.1010117199158497,"tickTimestamp":"2026-05-30T03:40:00.000Z"}
[2026-05-30T03:40:00.354Z] INFO Skipped trade. {"slug":"doge-updown-5m-1780112400","reason":"btc_distance_below_threshold","market":"DOGE","minDistanceUsd":{"UP":0.0002,"DOWN":0.00015},"openingPrice":0.1010117199158497,"currentPrice":0.1010117199158497}
[2026-05-30T03:44:09.805Z] INFO Skipped trade. {"slug":"btc-updown-5m-1780112400","reason":"no_ask_liquidity_under_cap","outcome":"DOWN"}
[2026-05-30T03:44:27.428Z] INFO Skipped trade. {"slug":"eth-updown-5m-1780112400","reason":"no_ask_liquidity_under_cap","outcome":"DOWN"}
[2026-05-30T03:45:01.336Z] INFO Tracking market. {"market":"BTC","slug":"btc-updown-5m-1780112700","title":"Bitcoin Up or Down - May 29, 11:45PM-11:50PM ET","end":"2026-05-30T03:50:00.000Z","upToken":"80976333224040812452152504719975310212487251684010082875652319108452435782693","downToken":"37950335555811309184398039169660818594562211789239404711786297297818740559167","orderMinSize":5,"tickSize":"0.01"}
[2026-05-30T03:45:01.361Z] INFO Captured Chainlink opening tick. {"slug":"btc-updown-5m-1780112700","openingPrice":73440.02149248745,"tickTimestamp":"2026-05-30T03:45:00.000Z"}
[2026-05-30T03:45:01.371Z] INFO Skipped trade. {"slug":"btc-updown-5m-1780112700","reason":"btc_distance_below_threshold","market":"BTC","minDistanceUsd":{"UP":13,"DOWN":14},"openingPrice":73440.02149248745,"currentPrice":73440.02149248745}
[2026-05-30T03:45:01.371Z] INFO Tracking market. {"market":"ETH","slug":"eth-updown-5m-1780112700","title":"Ethereum Up or Down - May 29, 11:45PM-11:50PM ET","end":"2026-05-30T03:50:00.000Z","upToken":"115127997346055090289428050167656879056111430469393910415204233134406788359262","downToken":"7470909455872705777686516379573345867175704244159205565710907432811532467553","orderMinSize":5,"tickSize":"0.01"}
[2026-05-30T03:45:01.383Z] INFO Captured Chainlink opening tick. {"slug":"eth-updown-5m-1780112700","openingPrice":2012.8724345109317,"tickTimestamp":"2026-05-30T03:45:00.000Z"}
[2026-05-30T03:45:01.390Z] INFO Skipped trade. {"slug":"eth-updown-5m-1780112700","reason":"btc_distance_below_threshold","market":"ETH","minDistanceUsd":{"UP":0.25,"DOWN":1.5},"openingPrice":2012.8724345109317,"currentPrice":2012.8724345109317}
[2026-05-30T03:45:01.390Z] INFO Tracking market. {"market":"DOGE","slug":"doge-updown-5m-1780112700","title":"Dogecoin Up or Down - May 29, 11:45PM-11:50PM ET","end":"2026-05-30T03:50:00.000Z","upToken":"75939312035107021105375868182161383994593483509324642025453615609509776025253","downToken":"5748789068184761864770084898966999443401523802954820556036441717080096314823","orderMinSize":5,"tickSize":"0.01"}
[2026-05-30T03:45:01.398Z] INFO Captured Chainlink opening tick. {"slug":"doge-updown-5m-1780112700","openingPrice":0.100916,"tickTimestamp":"2026-05-30T03:45:00.000Z"}
[2026-05-30T03:45:01.402Z] INFO Skipped trade. {"slug":"doge-updown-5m-1780112700","reason":"btc_distance_below_threshold","market":"DOGE","minDistanceUsd":{"UP":0.0002,"DOWN":0.00015},"openingPrice":0.100916,"currentPrice":0.100916}
[2026-05-30T03:46:43.680Z] INFO Skipped trade. {"slug":"doge-updown-5m-1780112700","reason":"stale_chainlink_tick","tickTimestamp":"2026-05-30T03:46:33.000Z"}
[2026-05-30T03:46:44.689Z] INFO Skipped trade. {"slug":"eth-updown-5m-1780112700","reason":"stale_chainlink_tick","tickTimestamp":"2026-05-30T03:46:34.000Z"}
[2026-05-30T03:49:04.569Z] INFO Trade attempt recorded. {"mode":"sim","slug":"btc-updown-5m-1780112700","outcome":"UP","amountUsd":10,"bestAsk":0.75,"estimatedShares":13.333333333333334}
[2026-05-30T03:49:05.806Z] INFO Skipped trade. {"slug":"btc-updown-5m-1780112700","reason":"market_already_traded"}
[2026-05-30T03:49:15.437Z] INFO Skipped trade. {"slug":"eth-updown-5m-1780112700","reason":"no_ask_liquidity_under_cap","outcome":"UP"}
[2026-05-30T03:49:17.286Z] INFO Skipped trade. {"slug":"doge-updown-5m-1780112700","reason":"no_ask_liquidity_under_cap","outcome":"UP"}
[2026-05-30T03:50:01.100Z] INFO Resolved trade. {"mode":"sim","slug":"btc-updown-5m-1780112700","outcome":"UP","winningOutcome":"UP","won":true,"finalPrice":73483.3385999164}
[2026-05-30T03:50:01.352Z] INFO Tracking market. {"market":"BTC","slug":"btc-updown-5m-1780113000","title":"Bitcoin Up or Down - May 29, 11:50PM-11:55PM ET","end":"2026-05-30T03:55:00.000Z","upToken":"49498044482155495726276515475592228417636620532609378548641333100167748431498","downToken":"75300151981350600199199208946648790369524589055488881302360139766140215706167","orderMinSize":5,"tickSize":"0.01"}
[2026-05-30T03:50:01.359Z] INFO Captured Chainlink opening tick. {"slug":"btc-updown-5m-1780113000","openingPrice":73483.3385999164,"tickTimestamp":"2026-05-30T03:50:00.000Z"}
[2026-05-30T03:50:01.362Z] INFO Skipped trade. {"slug":"btc-updown-5m-1780113000","reason":"btc_distance_below_threshold","market":"BTC","minDistanceUsd":{"UP":13,"DOWN":14},"openingPrice":73483.3385999164,"currentPrice":73483.3385999164}
[2026-05-30T03:50:01.362Z] INFO Tracking market. {"market":"ETH","slug":"eth-updown-5m-1780113000","title":"Ethereum Up or Down - May 29, 11:50PM-11:55PM ET","end":"2026-05-30T03:55:00.000Z","upToken":"75657919455230793147446822816588395988096198859460228121526645074223624930126","downToken":"108290590604647080190305167111630884758094904432041538776753874547191496340268","orderMinSize":5,"tickSize":"0.01"}
[2026-05-30T03:50:01.368Z] INFO Captured Chainlink opening tick. {"slug":"eth-updown-5m-1780113000","openingPrice":2014.2685956542225,"tickTimestamp":"2026-05-30T03:50:00.000Z"}
[2026-05-30T03:50:01.371Z] INFO Skipped trade. {"slug":"eth-updown-5m-1780113000","reason":"btc_distance_below_threshold","market":"ETH","minDistanceUsd":{"UP":0.25,"DOWN":1.5},"openingPrice":2014.2685956542225,"currentPrice":2014.2685956542225}
[2026-05-30T03:50:01.371Z] INFO Tracking market. {"market":"DOGE","slug":"doge-updown-5m-1780113000","title":"Dogecoin Up or Down - May 29, 11:50PM-11:55PM ET","end":"2026-05-30T03:55:00.000Z","upToken":"105929982004886485834208859459690294755613698108922221335024687197010031717253","downToken":"25446683274931977893463954741703567873865358894989911501342207368300671103964","orderMinSize":5,"tickSize":"0.01"}
[2026-05-30T03:50:01.377Z] INFO Captured Chainlink opening tick. {"slug":"doge-updown-5m-1780113000","openingPrice":0.10109245670629,"tickTimestamp":"2026-05-30T03:50:00.000Z"}
[2026-05-30T03:50:01.381Z] INFO Skipped trade. {"slug":"doge-updown-5m-1780113000","reason":"btc_distance_below_threshold","market":"DOGE","minDistanceUsd":{"UP":0.0002,"DOWN":0.00015},"openingPrice":0.10109245670629,"currentPrice":0.10109245670629}
[2026-05-30T03:54:08.995Z] INFO Skipped trade. {"slug":"btc-updown-5m-1780113000","reason":"no_ask_liquidity_under_cap","outcome":"DOWN"}
[2026-05-30T03:54:27.075Z] INFO Trade attempt recorded. {"mode":"sim","slug":"eth-updown-5m-1780113000","outcome":"UP","amountUsd":10,"bestAsk":0.84,"estimatedShares":11.882352941176471}
[2026-05-30T03:54:29.054Z] INFO Skipped trade. {"slug":"eth-updown-5m-1780113000","reason":"market_already_traded"}
[2026-05-30T03:55:01.719Z] INFO Resolved trade. {"mode":"sim","slug":"eth-updown-5m-1780113000","outcome":"UP","winningOutcome":"UP","won":true,"finalPrice":2014.38}
[2026-05-30T03:55:01.943Z] INFO Tracking market. {"market":"BTC","slug":"btc-updown-5m-1780113300","title":"Bitcoin Up or Down - May 29, 11:55PM-12:00AM ET","end":"2026-05-30T04:00:00.000Z","upToken":"41011851529778696294989485828522885281555698050480405886296551330237958976269","downToken":"12145935614088400092690098203679932022599660642571007638712569803126389801748","orderMinSize":5,"tickSize":"0.01"}
[2026-05-30T03:55:01.980Z] INFO Captured Chainlink opening tick. {"slug":"btc-updown-5m-1780113300","openingPrice":73451.94600242893,"tickTimestamp":"2026-05-30T03:55:00.000Z"}
[2026-05-30T03:55:01.984Z] INFO Skipped trade. {"slug":"btc-updown-5m-1780113300","reason":"btc_distance_below_threshold","market":"BTC","minDistanceUsd":{"UP":13,"DOWN":14},"openingPrice":73451.94600242893,"currentPrice":73451.95306162602}
[2026-05-30T03:55:01.984Z] INFO Tracking market. {"market":"ETH","slug":"eth-updown-5m-1780113300","title":"Ethereum Up or Down - May 29, 11:55PM-12:00AM ET","end":"2026-05-30T04:00:00.000Z","upToken":"78229206086292702797790304295399228543230258135798224349148887306350266000689","downToken":"43767898390637459614888692507795347754613807907999698875011468160907551852148","orderMinSize":5,"tickSize":"0.01"}
[2026-05-30T03:55:01.990Z] INFO Captured Chainlink opening tick. {"slug":"eth-updown-5m-1780113300","openingPrice":2014.467458353846,"tickTimestamp":"2026-05-30T03:55:00.000Z"}
[2026-05-30T03:55:01.994Z] INFO Skipped trade. {"slug":"eth-updown-5m-1780113300","reason":"btc_distance_below_threshold","market":"ETH","minDistanceUsd":{"UP":0.25,"DOWN":1.5},"openingPrice":2014.467458353846,"currentPrice":2014.38}
[2026-05-30T03:55:01.994Z] INFO Tracking market. {"market":"DOGE","slug":"doge-updown-5m-1780113300","title":"Dogecoin Up or Down - May 29, 11:55PM-12:00AM ET","end":"2026-05-30T04:00:00.000Z","upToken":"105639099969220828133441660422118896014881967710786705221027103555111906436108","downToken":"81861162492977874970734542516866259909903638332747894162281157835165262087564","orderMinSize":5,"tickSize":"0.01"}
[2026-05-30T03:55:02.000Z] INFO Captured Chainlink opening tick. {"slug":"doge-updown-5m-1780113300","openingPrice":0.101068,"tickTimestamp":"2026-05-30T03:55:00.000Z"}
[2026-05-30T03:55:02.003Z] INFO Skipped trade. {"slug":"doge-updown-5m-1780113300","reason":"btc_distance_below_threshold","market":"DOGE","minDistanceUsd":{"UP":0.0002,"DOWN":0.00015},"openingPrice":0.101068,"currentPrice":0.1010659}
[2026-05-30T03:59:09.889Z] INFO Skipped trade. {"slug":"btc-updown-5m-1780113300","reason":"no_ask_liquidity_under_cap","outcome":"DOWN"}
[2026-05-30T04:00:00.875Z] INFO Tracking market. {"market":"BTC","slug":"btc-updown-5m-1780113600","title":"Bitcoin Up or Down - May 30, 12:00AM-12:05AM ET","end":"2026-05-30T04:05:00.000Z","upToken":"14036219057145977115742406745040474629650100362220545553729379034576071327162","downToken":"4996684684622195760052848834558374747009369917430833298609830518449488817176","orderMinSize":5,"tickSize":"0.01"}
[2026-05-30T04:00:00.889Z] INFO Captured Chainlink opening tick. {"slug":"btc-updown-5m-1780113600","openingPrice":73425.46614495276,"tickTimestamp":"2026-05-30T04:00:00.000Z"}
[2026-05-30T04:00:00.896Z] INFO Skipped trade. {"slug":"btc-updown-5m-1780113600","reason":"btc_distance_below_threshold","market":"BTC","minDistanceUsd":{"UP":13,"DOWN":14},"openingPrice":73425.46614495276,"currentPrice":73425.46614495276}
[2026-05-30T04:00:00.896Z] INFO Tracking market. {"market":"ETH","slug":"eth-updown-5m-1780113600","title":"Ethereum Up or Down - May 30, 12:00AM-12:05AM ET","end":"2026-05-30T04:05:00.000Z","upToken":"66078397308279970142616223277903897035614867072075581836660569553855733974113","downToken":"33184821530965874280275288204606514147479681615040896154108206945787912564548","orderMinSize":5,"tickSize":"0.01"}
[2026-05-30T04:00:00.897Z] INFO Skipped trade. {"slug":"eth-updown-5m-1780113600","reason":"missing_opening_chainlink_tick"}
[2026-05-30T04:00:00.897Z] INFO Tracking market. {"market":"DOGE","slug":"doge-updown-5m-1780113600","title":"Dogecoin Up or Down - May 30, 12:00AM-12:05AM ET","end":"2026-05-30T04:05:00.000Z","upToken":"98802803567397600697867046710506905039005896008725479762827360109326282851861","downToken":"68340832239804301644745485299908564616759935597439260125195129771481927831767","orderMinSize":5,"tickSize":"0.01"}
[2026-05-30T04:00:00.897Z] INFO Skipped trade. {"slug":"doge-updown-5m-1780113600","reason":"missing_opening_chainlink_tick"}
[2026-05-30T04:00:01.924Z] INFO Captured Chainlink opening tick. {"slug":"eth-updown-5m-1780113600","openingPrice":2014.1381207106656,"tickTimestamp":"2026-05-30T04:00:00.000Z"}
[2026-05-30T04:00:01.935Z] INFO Skipped trade. {"slug":"eth-updown-5m-1780113600","reason":"btc_distance_below_threshold","market":"ETH","minDistanceUsd":{"UP":0.25,"DOWN":1.5},"openingPrice":2014.1381207106656,"currentPrice":2014.1662234025616}
[2026-05-30T04:00:01.955Z] INFO Captured Chainlink opening tick. {"slug":"doge-updown-5m-1780113600","openingPrice":0.1009732881709782,"tickTimestamp":"2026-05-30T04:00:00.000Z"}
[2026-05-30T04:00:01.966Z] INFO Skipped trade. {"slug":"doge-updown-5m-1780113600","reason":"btc_distance_below_threshold","market":"DOGE","minDistanceUsd":{"UP":0.0002,"DOWN":0.00015},"openingPrice":0.1009732881709782,"currentPrice":0.1009742790029357}
[2026-05-30T04:04:29.997Z] INFO Skipped trade. {"slug":"btc-updown-5m-1780113600","reason":"no_ask_liquidity_under_cap","outcome":"DOWN"}
[2026-05-30T04:05:01.226Z] INFO Tracking market. {"market":"BTC","slug":"btc-updown-5m-1780113900","title":"Bitcoin Up or Down - May 30, 12:05AM-12:10AM ET","end":"2026-05-30T04:10:00.000Z","upToken":"101052786502748844100293927278190796219262387579437535486071289253391100069597","downToken":"36634763081545280736518613322166020189966600799673624452650324596200536775890","orderMinSize":5,"tickSize":"0.01"}
[2026-05-30T04:05:01.257Z] INFO Captured Chainlink opening tick. {"slug":"btc-updown-5m-1780113900","openingPrice":73405.29269735487,"tickTimestamp":"2026-05-30T04:05:00.000Z"}
[2026-05-30T04:05:01.271Z] INFO Skipped trade. {"slug":"btc-updown-5m-1780113900","reason":"btc_distance_below_threshold","market":"BTC","minDistanceUsd":{"UP":13,"DOWN":14},"openingPrice":73405.29269735487,"currentPrice":73405.29269735487}
[2026-05-30T04:05:01.272Z] INFO Tracking market. {"market":"ETH","slug":"eth-updown-5m-1780113900","title":"Ethereum Up or Down - May 30, 12:05AM-12:10AM ET","end":"2026-05-30T04:10:00.000Z","upToken":"106329317055581881172897092276146858605324307733598350209467497539696764363411","downToken":"54714766202605144353129327674704615428387848535011988225744895830365196177353","orderMinSize":5,"tickSize":"0.01"}
[2026-05-30T04:05:01.272Z] INFO Skipped trade. {"slug":"eth-updown-5m-1780113900","reason":"missing_opening_chainlink_tick"}
[2026-05-30T04:05:01.273Z] INFO Tracking market. {"market":"DOGE","slug":"doge-updown-5m-1780113900","title":"Dogecoin Up or Down - May 30, 12:05AM-12:10AM ET","end":"2026-05-30T04:10:00.000Z","upToken":"13089570327369337094443257326443600133262190314066050279447945296624866586820","downToken":"21511501017828248392505093077436278600455368211763185211251688608218808474686","orderMinSize":5,"tickSize":"0.01"}
[2026-05-30T04:05:01.273Z] INFO Skipped trade. {"slug":"doge-updown-5m-1780113900","reason":"missing_opening_chainlink_tick"}
[2026-05-30T04:05:02.279Z] INFO Captured Chainlink opening tick. {"slug":"eth-updown-5m-1780113900","openingPrice":2013.1479783525833,"tickTimestamp":"2026-05-30T04:05:00.000Z"}
[2026-05-30T04:05:02.284Z] INFO Skipped trade. {"slug":"eth-updown-5m-1780113900","reason":"btc_distance_below_threshold","market":"ETH","minDistanceUsd":{"UP":0.25,"DOWN":1.5},"openingPrice":2013.1479783525833,"currentPrice":2013.1358157523803}
[2026-05-30T04:05:02.290Z] INFO Captured Chainlink opening tick. {"slug":"doge-updown-5m-1780113900","openingPrice":0.1009206160544174,"tickTimestamp":"2026-05-30T04:05:00.000Z"}
[2026-05-30T04:05:02.293Z] INFO Skipped trade. {"slug":"doge-updown-5m-1780113900","reason":"btc_distance_below_threshold","market":"DOGE","minDistanceUsd":{"UP":0.0002,"DOWN":0.00015},"openingPrice":0.1009206160544174,"currentPrice":0.1009205162190291}
[2026-05-30T04:08:26.465Z] INFO Skipped trade. {"slug":"eth-updown-5m-1780113900","reason":"stale_chainlink_tick","tickTimestamp":"2026-05-30T04:08:16.000Z"}
[2026-05-30T04:08:26.465Z] INFO Skipped trade. {"slug":"doge-updown-5m-1780113900","reason":"stale_chainlink_tick","tickTimestamp":"2026-05-30T04:08:16.000Z"}
[2026-05-30T04:09:10.471Z] INFO Skipped trade. {"slug":"btc-updown-5m-1780113900","reason":"no_ask_liquidity_under_cap","outcome":"DOWN"}
[2026-05-30T04:09:16.856Z] INFO Skipped trade. {"slug":"doge-updown-5m-1780113900","reason":"no_ask_liquidity_under_cap","outcome":"DOWN"}
[2026-05-30T04:09:27.030Z] INFO Skipped trade. {"slug":"eth-updown-5m-1780113900","reason":"no_ask_liquidity_under_cap","outcome":"DOWN"}
[2026-05-30T04:10:00.587Z] INFO Tracking market. {"market":"BTC","slug":"btc-updown-5m-1780114200","title":"Bitcoin Up or Down - May 30, 12:10AM-12:15AM ET","end":"2026-05-30T04:15:00.000Z","upToken":"8161035404780824588216149673327692425144031934427943264313257607110852567020","downToken":"62065250302582225883007433997756266471292640870811617011982782534145748425887","orderMinSize":5,"tickSize":"0.01"}
[2026-05-30T04:10:00.598Z] INFO Captured Chainlink opening tick. {"slug":"btc-updown-5m-1780114200","openingPrice":73255.08794522057,"tickTimestamp":"2026-05-30T04:10:00.000Z"}
[2026-05-30T04:10:00.604Z] INFO Skipped trade. {"slug":"btc-updown-5m-1780114200","reason":"btc_distance_below_threshold","market":"BTC","minDistanceUsd":{"UP":13,"DOWN":14},"openingPrice":73255.08794522057,"currentPrice":73255.08794522057}
[2026-05-30T04:10:00.604Z] INFO Tracking market. {"market":"ETH","slug":"eth-updown-5m-1780114200","title":"Ethereum Up or Down - May 30, 12:10AM-12:15AM ET","end":"2026-05-30T04:15:00.000Z","upToken":"42915945639710415317580173133187564673254749578490739511064418601320945407506","downToken":"15115951589449463878652146444466244436080169173352860705429284117889113202804","orderMinSize":5,"tickSize":"0.01"}
[2026-05-30T04:10:00.604Z] INFO Skipped trade. {"slug":"eth-updown-5m-1780114200","reason":"missing_opening_chainlink_tick"}
[2026-05-30T04:10:00.604Z] INFO Tracking market. {"market":"DOGE","slug":"doge-updown-5m-1780114200","title":"Dogecoin Up or Down - May 30, 12:10AM-12:15AM ET","end":"2026-05-30T04:15:00.000Z","upToken":"26208706271561598899842453277215695288613897031533117302212419228764640566592","downToken":"101291710348270379505783791467864033376175445819683623958695077443886475006185","orderMinSize":5,"tickSize":"0.01"}
[2026-05-30T04:10:00.604Z] INFO Skipped trade. {"slug":"doge-updown-5m-1780114200","reason":"missing_opening_chainlink_tick"}
[2026-05-30T04:10:03.650Z] INFO Captured Chainlink opening tick. {"slug":"eth-updown-5m-1780114200","openingPrice":2007.6441638233496,"tickTimestamp":"2026-05-30T04:10:00.000Z"}
[2026-05-30T04:10:03.662Z] INFO Skipped trade. {"slug":"eth-updown-5m-1780114200","reason":"btc_distance_below_threshold","market":"ETH","minDistanceUsd":{"UP":0.25,"DOWN":1.5},"openingPrice":2007.6441638233496,"currentPrice":2007.6731500120884}
[2026-05-30T04:10:03.680Z] INFO Captured Chainlink opening tick. {"slug":"doge-updown-5m-1780114200","openingPrice":0.1006819430027162,"tickTimestamp":"2026-05-30T04:10:00.000Z"}
[2026-05-30T04:10:03.688Z] INFO Skipped trade. {"slug":"doge-updown-5m-1780114200","reason":"btc_distance_below_threshold","market":"DOGE","minDistanceUsd":{"UP":0.0002,"DOWN":0.00015},"openingPrice":0.1006819430027162,"currentPrice":0.1006856806947621}
[2026-05-30T04:14:03.352Z] INFO Skipped trade. {"slug":"btc-updown-5m-1780114200","reason":"no_ask_liquidity_under_cap","outcome":"UP"}
[2026-05-30T04:14:14.580Z] INFO Skipped trade. {"slug":"eth-updown-5m-1780114200","reason":"no_ask_liquidity_under_cap","outcome":"UP"}
[2026-05-30T04:14:16.340Z] INFO Skipped trade. {"slug":"doge-updown-5m-1780114200","reason":"no_ask_liquidity_under_cap","outcome":"UP"}
[2026-05-30T04:15:01.516Z] INFO Tracking market. {"market":"BTC","slug":"btc-updown-5m-1780114500","title":"Bitcoin Up or Down - May 30, 12:15AM-12:20AM ET","end":"2026-05-30T04:20:00.000Z","upToken":"29985806643762048105089580655305573219370813024633631260687492365452698935219","downToken":"55489407810206654624498186931435699083096738954152081019169885428579008650051","orderMinSize":5,"tickSize":"0.01"}
[2026-05-30T04:15:01.523Z] INFO Captured Chainlink opening tick. {"slug":"btc-updown-5m-1780114500","openingPrice":73394.2674424519,"tickTimestamp":"2026-05-30T04:15:00.000Z"}
[2026-05-30T04:15:01.526Z] INFO Skipped trade. {"slug":"btc-updown-5m-1780114500","reason":"btc_distance_below_threshold","market":"BTC","minDistanceUsd":{"UP":13,"DOWN":14},"openingPrice":73394.2674424519,"currentPrice":73394.21658774551}
[2026-05-30T04:15:01.526Z] INFO Tracking market. {"market":"ETH","slug":"eth-updown-5m-1780114500","title":"Ethereum Up or Down - May 30, 12:15AM-12:20AM ET","end":"2026-05-30T04:20:00.000Z","upToken":"6613214469020736540889065640604732649666553114311698668902596940760878736933","downToken":"22415242899996128650475172048505063743382829319927272323794679701527655423910","orderMinSize":5,"tickSize":"0.01"}
[2026-05-30T04:15:01.526Z] INFO Skipped trade. {"slug":"eth-updown-5m-1780114500","reason":"missing_opening_chainlink_tick"}
[2026-05-30T04:15:01.526Z] INFO Tracking market. {"market":"DOGE","slug":"doge-updown-5m-1780114500","title":"Dogecoin Up or Down - May 30, 12:15AM-12:20AM ET","end":"2026-05-30T04:20:00.000Z","upToken":"53825836571841620283281813223312736637123741458864813791639437528949231572414","downToken":"28128684314245124751840827651530586992738445548059278931608218273399814173083","orderMinSize":5,"tickSize":"0.01"}
[2026-05-30T04:15:01.526Z] INFO Skipped trade. {"slug":"doge-updown-5m-1780114500","reason":"missing_opening_chainlink_tick"}
[2026-05-30T04:15:03.559Z] INFO Captured Chainlink opening tick. {"slug":"eth-updown-5m-1780114500","openingPrice":2012.625745,"tickTimestamp":"2026-05-30T04:15:00.000Z"}
[2026-05-30T04:15:03.564Z] INFO Skipped trade. {"slug":"eth-updown-5m-1780114500","reason":"btc_distance_below_threshold","market":"ETH","minDistanceUsd":{"UP":0.25,"DOWN":1.5},"openingPrice":2012.625745,"currentPrice":2012.3185435297178}
[2026-05-30T04:15:03.572Z] INFO Captured Chainlink opening tick. {"slug":"doge-updown-5m-1780114500","openingPrice":0.1009873,"tickTimestamp":"2026-05-30T04:15:00.000Z"}
[2026-05-30T04:15:03.577Z] INFO Skipped trade. {"slug":"doge-updown-5m-1780114500","reason":"btc_distance_below_threshold","market":"DOGE","minDistanceUsd":{"UP":0.0002,"DOWN":0.00015},"openingPrice":0.1009873,"currentPrice":0.1009707}
[2026-05-30T04:19:10.464Z] INFO Skipped trade. {"slug":"btc-updown-5m-1780114500","reason":"no_ask_liquidity_under_cap","outcome":"DOWN"}
[2026-05-30T04:19:15.899Z] INFO Skipped trade. {"slug":"doge-updown-5m-1780114500","reason":"no_ask_liquidity_under_cap","outcome":"DOWN"}
[2026-05-30T04:19:26.504Z] INFO Skipped trade. {"slug":"eth-updown-5m-1780114500","reason":"no_ask_liquidity_under_cap","outcome":"DOWN"}
[2026-05-30T04:20:00.341Z] INFO Tracking market. {"market":"BTC","slug":"btc-updown-5m-1780114800","title":"Bitcoin Up or Down - May 30, 12:20AM-12:25AM ET","end":"2026-05-30T04:25:00.000Z","upToken":"42932127176419955331426799935334350666515604322073963975887507072615008855918","downToken":"64532836494227872879781109864942630707176836515455412914884644444731519984134","orderMinSize":5,"tickSize":"0.01"}
[2026-05-30T04:20:00.347Z] INFO Captured Chainlink opening tick. {"slug":"btc-updown-5m-1780114800","openingPrice":73315.65757916124,"tickTimestamp":"2026-05-30T04:20:00.000Z"}
[2026-05-30T04:20:00.350Z] INFO Skipped trade. {"slug":"btc-updown-5m-1780114800","reason":"btc_distance_below_threshold","market":"BTC","minDistanceUsd":{"UP":13,"DOWN":14},"openingPrice":73315.65757916124,"currentPrice":73315.65757916124}
[2026-05-30T04:20:00.350Z] INFO Tracking market. {"market":"ETH","slug":"eth-updown-5m-1780114800","title":"Ethereum Up or Down - May 30, 12:20AM-12:25AM ET","end":"2026-05-30T04:25:00.000Z","upToken":"80113197671473149864782406047876050871105981858457028118505128833706436097331","downToken":"55319038961541671460698941514052809902148229509101522010007131048786097010415","orderMinSize":5,"tickSize":"0.01"}
[2026-05-30T04:20:00.351Z] INFO Skipped trade. {"slug":"eth-updown-5m-1780114800","reason":"missing_opening_chainlink_tick"}
[2026-05-30T04:20:00.351Z] INFO Tracking market. {"market":"DOGE","slug":"doge-updown-5m-1780114800","title":"Dogecoin Up or Down - May 30, 12:20AM-12:25AM ET","end":"2026-05-30T04:25:00.000Z","upToken":"89465782161653296042476970529336974922724650610721431590994653166022452462693","downToken":"60399232002157843211361234033100219700706538217311352633827815719322585058120","orderMinSize":5,"tickSize":"0.01"}
[2026-05-30T04:20:00.351Z] INFO Skipped trade. {"slug":"doge-updown-5m-1780114800","reason":"missing_opening_chainlink_tick"}
[2026-05-30T04:20:04.398Z] INFO Captured Chainlink opening tick. {"slug":"eth-updown-5m-1780114800","openingPrice":2009.92685,"tickTimestamp":"2026-05-30T04:20:00.000Z"}
[2026-05-30T04:20:04.407Z] INFO Skipped trade. {"slug":"eth-updown-5m-1780114800","reason":"btc_distance_below_threshold","market":"ETH","minDistanceUsd":{"UP":0.25,"DOWN":1.5},"openingPrice":2009.92685,"currentPrice":2009.9303108506874}
[2026-05-30T04:20:04.417Z] INFO Captured Chainlink opening tick. {"slug":"doge-updown-5m-1780114800","openingPrice":0.10069314,"tickTimestamp":"2026-05-30T04:20:00.000Z"}
[2026-05-30T04:20:04.421Z] INFO Skipped trade. {"slug":"doge-updown-5m-1780114800","reason":"btc_distance_below_threshold","market":"DOGE","minDistanceUsd":{"UP":0.0002,"DOWN":0.00015},"openingPrice":0.10069314,"currentPrice":0.10069301}
[2026-05-30T04:24:15.684Z] INFO Trade attempt recorded. {"mode":"sim","slug":"eth-updown-5m-1780114800","outcome":"UP","amountUsd":10,"bestAsk":0.48,"estimatedShares":20.179803921568627}
[2026-05-30T04:24:17.640Z] INFO Skipped trade. {"slug":"eth-updown-5m-1780114800","reason":"market_already_traded"}
[2026-05-30T04:25:05.537Z] INFO Resolved trade. {"mode":"sim","slug":"eth-updown-5m-1780114800","outcome":"UP","winningOutcome":"UP","won":true,"finalPrice":2010.193367694418}
[2026-05-30T04:25:06.122Z] INFO Tracking market. {"market":"BTC","slug":"btc-updown-5m-1780115100","title":"Bitcoin Up or Down - May 30, 12:25AM-12:30AM ET","end":"2026-05-30T04:30:00.000Z","upToken":"36849815803109092429908268404142765238354851299692148375593960985325020303066","downToken":"52982359524454016323283105767695419722719494828731489705914538994719939402766","orderMinSize":5,"tickSize":"0.01"}
[2026-05-30T04:25:06.130Z] INFO Captured Chainlink opening tick. {"slug":"btc-updown-5m-1780115100","openingPrice":73311.13924017797,"tickTimestamp":"2026-05-30T04:25:00.000Z"}
[2026-05-30T04:25:06.134Z] INFO Skipped trade. {"slug":"btc-updown-5m-1780115100","reason":"btc_distance_below_threshold","market":"BTC","minDistanceUsd":{"UP":13,"DOWN":14},"openingPrice":73311.13924017797,"currentPrice":73311.04826394893}
[2026-05-30T04:25:06.134Z] INFO Tracking market. {"market":"ETH","slug":"eth-updown-5m-1780115100","title":"Ethereum Up or Down - May 30, 12:25AM-12:30AM ET","end":"2026-05-30T04:30:00.000Z","upToken":"43966723652502079202206561566590737331270082867167112444768635718556599528908","downToken":"74992174676398088966227053697299665747102593732719068103973243512532852416371","orderMinSize":5,"tickSize":"0.01"}
[2026-05-30T04:25:06.141Z] INFO Captured Chainlink opening tick. {"slug":"eth-updown-5m-1780115100","openingPrice":2010.2019366898403,"tickTimestamp":"2026-05-30T04:25:00.000Z"}
[2026-05-30T04:25:06.145Z] INFO Skipped trade. {"slug":"eth-updown-5m-1780115100","reason":"btc_distance_below_threshold","market":"ETH","minDistanceUsd":{"UP":0.25,"DOWN":1.5},"openingPrice":2010.2019366898403,"currentPrice":2010.193367694418}
[2026-05-30T04:25:06.145Z] INFO Tracking market. {"market":"DOGE","slug":"doge-updown-5m-1780115100","title":"Dogecoin Up or Down - May 30, 12:25AM-12:30AM ET","end":"2026-05-30T04:30:00.000Z","upToken":"78107686171476335522732854240612807184140793372346145634340618665202474990553","downToken":"6645229101622899915132679540274208857754441005411379431327444534215639443955","orderMinSize":5,"tickSize":"0.01"}
[2026-05-30T04:25:06.151Z] INFO Captured Chainlink opening tick. {"slug":"doge-updown-5m-1780115100","openingPrice":0.1007059,"tickTimestamp":"2026-05-30T04:25:00.000Z"}
[2026-05-30T04:25:06.153Z] INFO Skipped trade. {"slug":"doge-updown-5m-1780115100","reason":"btc_distance_below_threshold","market":"DOGE","minDistanceUsd":{"UP":0.0002,"DOWN":0.00015},"openingPrice":0.1007059,"currentPrice":0.1006978}
[2026-05-30T04:29:09.024Z] INFO Skipped trade. {"slug":"btc-updown-5m-1780115100","reason":"no_ask_liquidity_under_cap","outcome":"DOWN"}
[2026-05-30T04:29:16.126Z] INFO Skipped trade. {"slug":"doge-updown-5m-1780115100","reason":"no_ask_liquidity_under_cap","outcome":"DOWN"}
[2026-05-30T04:29:27.930Z] INFO Skipped trade. {"slug":"eth-updown-5m-1780115100","reason":"no_ask_liquidity_under_cap","outcome":"DOWN"}
[2026-05-30T04:30:01.326Z] INFO Tracking market. {"market":"BTC","slug":"btc-updown-5m-1780115400","title":"Bitcoin Up or Down - May 30, 12:30AM-12:35AM ET","end":"2026-05-30T04:35:00.000Z","upToken":"81515076291884151006960074095970222588079625065850232472173436107429522285886","downToken":"50462435638189390551294840899610540203342132786341549173654085938096390799638","orderMinSize":5,"tickSize":"0.01"}
[2026-05-30T04:30:01.333Z] INFO Captured Chainlink opening tick. {"slug":"btc-updown-5m-1780115400","openingPrice":73252.2466247294,"tickTimestamp":"2026-05-30T04:30:00.000Z"}
[2026-05-30T04:30:01.340Z] INFO Skipped trade. {"slug":"btc-updown-5m-1780115400","reason":"btc_distance_below_threshold","market":"BTC","minDistanceUsd":{"UP":13,"DOWN":14},"openingPrice":73252.2466247294,"currentPrice":73246.70557580361}
[2026-05-30T04:30:01.340Z] INFO Tracking market. {"market":"ETH","slug":"eth-updown-5m-1780115400","title":"Ethereum Up or Down - May 30, 12:30AM-12:35AM ET","end":"2026-05-30T04:35:00.000Z","upToken":"48242896621623646914985801994643977435647539820707885511591877199494151686740","downToken":"92853539391055900345964542306010824410407036328721349315922485216681423897478","orderMinSize":5,"tickSize":"0.01"}
[2026-05-30T04:30:01.340Z] INFO Skipped trade. {"slug":"eth-updown-5m-1780115400","reason":"missing_opening_chainlink_tick"}
[2026-05-30T04:30:01.340Z] INFO Tracking market. {"market":"DOGE","slug":"doge-updown-5m-1780115400","title":"Dogecoin Up or Down - May 30, 12:30AM-12:35AM ET","end":"2026-05-30T04:35:00.000Z","upToken":"106815857707172536506331578293825278532596583071290857150709233340768719600118","downToken":"43138963569250260667944006025338803504052932073609355861424871764194159345766","orderMinSize":5,"tickSize":"0.01"}
[2026-05-30T04:30:01.340Z] INFO Skipped trade. {"slug":"doge-updown-5m-1780115400","reason":"missing_opening_chainlink_tick"}
[2026-05-30T04:30:04.379Z] INFO Captured Chainlink opening tick. {"slug":"eth-updown-5m-1780115400","openingPrice":2006.6915596682236,"tickTimestamp":"2026-05-30T04:30:00.000Z"}
[2026-05-30T04:30:04.382Z] INFO Skipped trade. {"slug":"eth-updown-5m-1780115400","reason":"btc_distance_below_threshold","market":"ETH","minDistanceUsd":{"UP":0.25,"DOWN":1.5},"openingPrice":2006.6915596682236,"currentPrice":2005.8171528789062}
[2026-05-30T04:30:04.387Z] INFO Captured Chainlink opening tick. {"slug":"doge-updown-5m-1780115400","openingPrice":0.1003470477399517,"tickTimestamp":"2026-05-30T04:30:00.000Z"}
[2026-05-30T04:30:04.390Z] INFO Skipped trade. {"slug":"doge-updown-5m-1780115400","reason":"btc_distance_below_threshold","market":"DOGE","minDistanceUsd":{"UP":0.0002,"DOWN":0.00015},"openingPrice":0.1003470477399517,"currentPrice":0.1002859}
[2026-05-30T04:34:10.082Z] INFO Skipped trade. {"slug":"btc-updown-5m-1780115400","reason":"no_ask_liquidity_under_cap","outcome":"DOWN"}
[2026-05-30T04:34:21.141Z] INFO Skipped trade. {"slug":"doge-updown-5m-1780115400","reason":"no_ask_liquidity_under_cap","outcome":"DOWN"}
[2026-05-30T04:34:26.755Z] INFO Skipped trade. {"slug":"eth-updown-5m-1780115400","reason":"no_ask_liquidity_under_cap","outcome":"DOWN"}
[2026-05-30T04:35:00.672Z] INFO Tracking market. {"market":"BTC","slug":"btc-updown-5m-1780115700","title":"Bitcoin Up or Down - May 30, 12:35AM-12:40AM ET","end":"2026-05-30T04:40:00.000Z","upToken":"61757272119070257962773829640431096116746614692953574315738486350679823818247","downToken":"40482585186512217391942858295071431056983013720782061504104606862269890690171","orderMinSize":5,"tickSize":"0.01"}
[2026-05-30T04:35:00.684Z] INFO Captured Chainlink opening tick. {"slug":"btc-updown-5m-1780115700","openingPrice":73139.82956681406,"tickTimestamp":"2026-05-30T04:35:00.000Z"}
[2026-05-30T04:35:00.691Z] INFO Skipped trade. {"slug":"btc-updown-5m-1780115700","reason":"btc_distance_below_threshold","market":"BTC","minDistanceUsd":{"UP":13,"DOWN":14},"openingPrice":73139.82956681406,"currentPrice":73139.82956681406}
[2026-05-30T04:35:00.691Z] INFO Tracking market. {"market":"ETH","slug":"eth-updown-5m-1780115700","title":"Ethereum Up or Down - May 30, 12:35AM-12:40AM ET","end":"2026-05-30T04:40:00.000Z","upToken":"51232181728438689704787038164656310924278252501097499168687607768863158535300","downToken":"52470127965144650361852438993843466933048945563219099618798420372741522387144","orderMinSize":5,"tickSize":"0.01"}
[2026-05-30T04:35:00.691Z] INFO Skipped trade. {"slug":"eth-updown-5m-1780115700","reason":"missing_opening_chainlink_tick"}
[2026-05-30T04:35:00.691Z] INFO Tracking market. {"market":"DOGE","slug":"doge-updown-5m-1780115700","title":"Dogecoin Up or Down - May 30, 12:35AM-12:40AM ET","end":"2026-05-30T04:40:00.000Z","upToken":"20236837233465353991455013740871597110702718205882974909446454772812808778399","downToken":"4497330502915000222579855400895882356329898243277405597633257958952406519556","orderMinSize":5,"tickSize":"0.01"}
[2026-05-30T04:35:00.692Z] INFO Skipped trade. {"slug":"doge-updown-5m-1780115700","reason":"missing_opening_chainlink_tick"}
[2026-05-30T04:35:04.729Z] INFO Captured Chainlink opening tick. {"slug":"eth-updown-5m-1780115700","openingPrice":2000.6554926404758,"tickTimestamp":"2026-05-30T04:35:00.000Z"}
[2026-05-30T04:35:04.738Z] INFO Captured Chainlink opening tick. {"slug":"doge-updown-5m-1780115700","openingPrice":0.10014359,"tickTimestamp":"2026-05-30T04:35:00.000Z"}
[2026-05-30T04:35:04.741Z] INFO Skipped trade. {"slug":"doge-updown-5m-1780115700","reason":"btc_distance_below_threshold","market":"DOGE","minDistanceUsd":{"UP":0.0002,"DOWN":0.00015},"openingPrice":0.10014359,"currentPrice":0.1001778}
[2026-05-30T04:35:39.836Z] INFO Skipped trade. {"slug":"eth-updown-5m-1780115700","reason":"btc_distance_below_threshold","market":"ETH","minDistanceUsd":{"UP":0.25,"DOWN":1.5},"openingPrice":2000.6554926404758,"currentPrice":1999.84358}
[2026-05-30T04:36:57.749Z] WARN Bot loop iteration failed; retrying. {"error":"fetch failed"}
