[2026-06-03T21:37:54.442Z] INFO Bot started. {"mode":"sim","enabledMarkets":["BTC","ETH"],"minDistanceUsdByMarket":{"BTC":5,"ETH":1,"DOGE":0.0002},"minDistanceUsdByMarketOutcome":{"BTC":{"UP":10,"DOWN":10},"ETH":{"UP":1,"DOWN":1},"DOGE":{"UP":0.0002,"DOWN":0.0002}},"entryWindowSeconds":53,"entryWindowSecondsByMarket":{"BTC":53,"ETH":53,"DOGE":53},"entryWindowSecondsByMarketOutcome":{"BTC":{"UP":53,"DOWN":53},"ETH":{"UP":53,"DOWN":53},"DOGE":{"UP":53,"DOWN":53}},"maxAskPrice":0.75,"maxAskPriceByMarketOutcome":{"BTC":{"UP":0.8,"DOWN":0.8},"ETH":{"UP":0.75,"DOWN":0.75},"DOGE":{"UP":0.75,"DOWN":0.75}},"dailySpendLimitUsd":1000}
[2026-06-03T21:37:54.614Z] INFO Tracking market. {"market":"BTC","slug":"btc-updown-5m-1780522500","title":"Bitcoin Up or Down - June 3, 5:35PM-5:40PM ET","end":"2026-06-03T21:40:00.000Z","upToken":"142718245347375467509059271419232950349674101328134771036566732965656149732","downToken":"42828670188277735387514148314528401802209311434409972566576882812321616868926","orderMinSize":5,"tickSize":"0.01"}
[2026-06-03T21:37:54.622Z] INFO Skipped trade. {"slug":"btc-updown-5m-1780522500","reason":"missing_current_chainlink_tick"}
[2026-06-03T21:37:54.623Z] INFO Tracking market. {"market":"ETH","slug":"eth-updown-5m-1780522500","title":"Ethereum Up or Down - June 3, 5:35PM-5:40PM ET","end":"2026-06-03T21:40:00.000Z","upToken":"47583457541024622263897421119135610637780037619443727046426293484795534667172","downToken":"30499217490960145659297785086941333672389882945328829643673189798142651474169","orderMinSize":5,"tickSize":"0.01"}
[2026-06-03T21:37:54.623Z] INFO Skipped trade. {"slug":"eth-updown-5m-1780522500","reason":"missing_current_chainlink_tick"}
[2026-06-03T21:37:54.623Z] INFO Tracking market. {"market":"DOGE","slug":"doge-updown-5m-1780522500","title":"Dogecoin Up or Down - June 3, 5:35PM-5:40PM ET","end":"2026-06-03T21:40:00.000Z","upToken":"8765400967068944678407385360568765192161293379942858607266961568583498663445","downToken":"89810003592509085147272021234914472027861560259293504279268300605664949581074","orderMinSize":5,"tickSize":"0.01"}
[2026-06-03T21:37:55.107Z] INFO Connected to Polymarket RTDS Chainlink feed.
[2026-06-03T21:39:07.312Z] INFO Skipped trade. {"slug":"btc-updown-5m-1780522500","reason":"daily_spend_limit_reached","dailySpendUsd":600,"amountUsd":1000,"dailySpendLimitUsd":1000}
[2026-06-03T21:39:07.761Z] INFO Skipped trade. {"slug":"eth-updown-5m-1780522500","reason":"no_ask_liquidity_under_cap","outcome":"UP"}
[2026-06-03T21:39:45.125Z] WARN Analytics sample recording failed; continuing. {"market":"ETH","slug":"eth-updown-5m-1780522500","error":"ENOENT: no such file or directory, rename 'C:\\DEV\\tests\\Workspace de Yarbis\\Polybot\\data\\analytics-active.json.tmp' -> 'C:\\DEV\\tests\\Workspace de Yarbis\\Polybot\\data\\analytics-active.json'"}
[2026-06-03T21:39:50.253Z] INFO Trade attempt recorded. {"mode":"sim","slug":"eth-updown-5m-1780522500","outcome":"UP","amountUsd":10,"bestAsk":0.46,"estimatedShares":21.458333333333332}
[2026-06-03T21:39:51.705Z] INFO Skipped trade. {"slug":"eth-updown-5m-1780522500","reason":"market_already_traded"}
[2026-06-03T21:40:01.097Z] INFO Resolved trade. {"mode":"sim","slug":"eth-updown-5m-1780522500","outcome":"UP","winningOutcome":"DOWN","won":false,"finalPrice":1811.9379350825623}
[2026-06-03T21:40:01.202Z] INFO Tracking market. {"market":"BTC","slug":"btc-updown-5m-1780522800","title":"Bitcoin Up or Down - June 3, 5:40PM-5:45PM ET","end":"2026-06-03T21:45:00.000Z","upToken":"18150511753841394317604924293471343050308198820542906191448894300778886542917","downToken":"110291610147601366594523125840963447808467961505047449331656385764169236569602","orderMinSize":5,"tickSize":"0.01"}
[2026-06-03T21:40:01.226Z] INFO Captured Chainlink opening tick. {"slug":"btc-updown-5m-1780522800","openingPrice":65373.5181197099,"tickTimestamp":"2026-06-03T21:40:00.000Z"}
[2026-06-03T21:40:01.232Z] INFO Skipped trade. {"slug":"btc-updown-5m-1780522800","reason":"btc_distance_below_threshold","market":"BTC","minDistanceUsd":{"UP":10,"DOWN":10},"openingPrice":65373.5181197099,"currentPrice":65373.5181197099}
[2026-06-03T21:40:01.234Z] INFO Tracking market. {"market":"ETH","slug":"eth-updown-5m-1780522800","title":"Ethereum Up or Down - June 3, 5:40PM-5:45PM ET","end":"2026-06-03T21:45:00.000Z","upToken":"77908701750405564049468881967398264291476434285664269843493271733651300509365","downToken":"97463410804052696118728473645813862588576520267609908758570187969996579450332","orderMinSize":5,"tickSize":"0.01"}
[2026-06-03T21:40:01.245Z] INFO Captured Chainlink opening tick. {"slug":"eth-updown-5m-1780522800","openingPrice":1811.9379350825623,"tickTimestamp":"2026-06-03T21:40:00.000Z"}
[2026-06-03T21:40:01.251Z] INFO Skipped trade. {"slug":"eth-updown-5m-1780522800","reason":"btc_distance_below_threshold","market":"ETH","minDistanceUsd":{"UP":1,"DOWN":1},"openingPrice":1811.9379350825623,"currentPrice":1811.9379350825623}
[2026-06-03T21:40:01.252Z] INFO Tracking market. {"market":"DOGE","slug":"doge-updown-5m-1780522800","title":"Dogecoin Up or Down - June 3, 5:40PM-5:45PM ET","end":"2026-06-03T21:45:00.000Z","upToken":"9415720905831815264513869928835471818959224971255014970162329505589021403945","downToken":"88536465543996907416628884599836263319761492672971051266923366311108102455837","orderMinSize":5,"tickSize":"0.01"}
[2026-06-03T21:40:01.265Z] INFO Captured Chainlink opening tick. {"slug":"doge-updown-5m-1780522800","openingPrice":0.0921403561790381,"tickTimestamp":"2026-06-03T21:40:00.000Z"}
