[2m5:14:17 a.m.[22m [36m[1m[vite][22m[39m [90m[2m(client)[22m[39m Re-optimizing dependencies because vite config has changed
[2026-06-17T11:14:17.366Z] INFO Polybot UI listening. {"url":"http://0.0.0.0:8788","host":"0.0.0.0","port":8788,"staticClient":false}
[2026-06-17T11:14:17.428Z] INFO Bot started. {"mode":"sim","enabledMarkets":["BTC","ETH","DOGE"],"minDistanceUsdByMarket":{"BTC":12,"ETH":2,"DOGE":0.0003},"minDistanceUsdByMarketOutcome":{"BTC":{"UP":12,"DOWN":12},"ETH":{"UP":2,"DOWN":2},"DOGE":{"UP":0.0003,"DOWN":0.0003}},"entryWindowSeconds":32,"entryWindowSecondsByMarket":{"BTC":32,"ETH":32,"DOGE":32},"entryWindowSecondsByMarketOutcome":{"BTC":{"UP":32,"DOWN":32},"ETH":{"UP":32,"DOWN":32},"DOGE":{"UP":32,"DOWN":32}},"maxAskPrice":0.75,"maxAskPriceByMarketOutcome":{"BTC":{"UP":0.75,"DOWN":0.75},"ETH":{"UP":0.75,"DOWN":0.75},"DOGE":{"UP":0.75,"DOWN":0.75}},"dailySpendLimitUsd":1000}
[2026-06-17T11:14:17.636Z] INFO Connected to Polymarket RTDS Chainlink feed.
[2026-06-17T11:14:17.654Z] INFO Tracking market. {"market":"BTC","slug":"btc-updown-5m-1781694600","title":"Bitcoin Up or Down - June 17, 7:10AM-7:15AM ET","end":"2026-06-17T11:15:00.000Z","upToken":"92278889560705500608653597249321801265761830848173384514626246670827251112827","downToken":"19130813876112859614594492787447655457290356265362338661046151937801437857926","orderMinSize":5,"tickSize":"0.01"}
[2026-06-17T11:14:18.018Z] INFO Connected to Polymarket RTDS Chainlink feed.
[2026-06-17T11:14:18.024Z] INFO Skipped trade. {"slug":"btc-updown-5m-1781694600","reason":"missing_opening_chainlink_tick"}
[2026-06-17T11:14:18.025Z] INFO Tracking market. {"market":"ETH","slug":"eth-updown-5m-1781694600","title":"Ethereum Up or Down - June 17, 7:10AM-7:15AM ET","end":"2026-06-17T11:15:00.000Z","upToken":"105525381132985189051932143045234954502783972368741776612162809899980888658708","downToken":"60049222529482506672981641867716875737539082157727825147948168975314940411476","orderMinSize":5,"tickSize":"0.01"}
[2026-06-17T11:14:18.242Z] INFO Skipped trade. {"slug":"eth-updown-5m-1781694600","reason":"missing_opening_chainlink_tick"}
[2026-06-17T11:14:18.242Z] INFO Tracking market. {"market":"DOGE","slug":"doge-updown-5m-1781694600","title":"Dogecoin Up or Down - June 17, 7:10AM-7:15AM ET","end":"2026-06-17T11:15:00.000Z","upToken":"17404601900788613384393754265363431825643234101378380298585672970508902594236","downToken":"82538268986676921246374799608295629718249238432410528884103643769201338595846","orderMinSize":5,"tickSize":"0.01"}
[2026-06-17T11:14:18.460Z] INFO Skipped trade. {"slug":"doge-updown-5m-1781694600","reason":"missing_opening_chainlink_tick"}
[2026-06-17T11:15:00.747Z] INFO Tracking market. {"market":"BTC","slug":"btc-updown-5m-1781694900","title":"Bitcoin Up or Down - June 17, 7:15AM-7:20AM ET","end":"2026-06-17T11:20:00.000Z","upToken":"2654379746574699299731265040475624160112025464728648370060218230157179429126","downToken":"104546007466937325224033518533123356601379539421989556485919462066435495126277","orderMinSize":5,"tickSize":"0.01"}
[2026-06-17T11:15:00.748Z] INFO Skipped trade. {"slug":"btc-updown-5m-1781694900","reason":"missing_opening_chainlink_tick"}
[2026-06-17T11:15:00.748Z] INFO Tracking market. {"market":"ETH","slug":"eth-updown-5m-1781694900","title":"Ethereum Up or Down - June 17, 7:15AM-7:20AM ET","end":"2026-06-17T11:20:00.000Z","upToken":"24583998106023966933030821805636751499227804924307310238882764167894142957774","downToken":"56667883597579859834679407958666006514198311243528909658670568147743963400038","orderMinSize":5,"tickSize":"0.01"}
[2026-06-17T11:15:00.748Z] INFO Skipped trade. {"slug":"eth-updown-5m-1781694900","reason":"missing_opening_chainlink_tick"}
[2026-06-17T11:15:00.748Z] INFO Tracking market. {"market":"DOGE","slug":"doge-updown-5m-1781694900","title":"Dogecoin Up or Down - June 17, 7:15AM-7:20AM ET","end":"2026-06-17T11:20:00.000Z","upToken":"10600130144652534014639247558718621033973513730557195435334004792155348970024","downToken":"28994042646852831382182860829464449938753049539820108938672839640209172600356","orderMinSize":5,"tickSize":"0.01"}
[2026-06-17T11:15:00.748Z] INFO Skipped trade. {"slug":"doge-updown-5m-1781694900","reason":"missing_opening_chainlink_tick"}
[2026-06-17T11:15:01.814Z] INFO Captured Chainlink opening tick. {"slug":"btc-updown-5m-1781694900","openingPrice":64539.89654463453,"tickTimestamp":"2026-06-17T11:15:00.000Z"}
[2026-06-17T11:15:01.818Z] INFO Skipped trade. {"slug":"btc-updown-5m-1781694900","reason":"btc_distance_below_threshold","market":"BTC","minDistanceUsd":{"UP":12,"DOWN":12},"openingPrice":64539.89654463453,"currentPrice":64539.89654463453}
[2026-06-17T11:15:03.874Z] INFO Captured Chainlink opening tick. {"slug":"eth-updown-5m-1781694900","openingPrice":1763.37495,"tickTimestamp":"2026-06-17T11:15:00.000Z"}
[2026-06-17T11:15:03.878Z] INFO Skipped trade. {"slug":"eth-updown-5m-1781694900","reason":"btc_distance_below_threshold","market":"ETH","minDistanceUsd":{"UP":2,"DOWN":2},"openingPrice":1763.37495,"currentPrice":1763.623015}
[2026-06-17T11:15:03.925Z] INFO Captured Chainlink opening tick. {"slug":"doge-updown-5m-1781694900","openingPrice":0.08571,"tickTimestamp":"2026-06-17T11:15:00.000Z"}
[2026-06-17T11:15:03.931Z] INFO Skipped trade. {"slug":"doge-updown-5m-1781694900","reason":"btc_distance_below_threshold","market":"DOGE","minDistanceUsd":{"UP":0.0003,"DOWN":0.0003},"openingPrice":0.08571,"currentPrice":0.0857245}
[2026-06-17T11:17:53.782Z] INFO Skipped trade. {"slug":"btc-updown-5m-1781694900","reason":"stale_chainlink_tick","tickTimestamp":"2026-06-17T11:17:15.000Z"}
[2026-06-17T11:17:53.783Z] INFO Skipped trade. {"slug":"eth-updown-5m-1781694900","reason":"stale_chainlink_tick","tickTimestamp":"2026-06-17T11:17:12.000Z"}
[2026-06-17T11:17:53.784Z] INFO Skipped trade. {"slug":"doge-updown-5m-1781694900","reason":"stale_chainlink_tick","tickTimestamp":"2026-06-17T11:17:12.000Z"}
^C