[2026-06-02T01:19:29.629Z] INFO Bot started. {"mode":"sim","enabledMarkets":["BTC","ETH"],"minDistanceUsdByMarket":{"BTC":30,"ETH":5,"DOGE":0.0005},"minDistanceUsdByMarketOutcome":{"BTC":{"UP":30,"DOWN":30},"ETH":{"UP":5,"DOWN":5},"DOGE":{"UP":0.0005,"DOWN":0.0005}},"entryWindowSeconds":20,"entryWindowSecondsByMarket":{"BTC":20,"ETH":20,"DOGE":20},"entryWindowSecondsByMarketOutcome":{"BTC":{"UP":20,"DOWN":20},"ETH":{"UP":20,"DOWN":20},"DOGE":{"UP":20,"DOWN":20}},"maxAskPrice":0.9,"maxAskPriceByMarketOutcome":{"BTC":{"UP":0.9,"DOWN":0.9},"ETH":{"UP":0.9,"DOWN":0.9},"DOGE":{"UP":0.9,"DOWN":0.9}},"dailySpendLimitUsd":50}
[2026-06-02T01:19:29.782Z] INFO Tracking market. {"market":"BTC","slug":"btc-updown-5m-1780362900","title":"Bitcoin Up or Down - June 1, 9:15PM-9:20PM ET","end":"2026-06-02T01:20:00.000Z","upToken":"20457416872318384535349317003484347899738536924109989202357373739905039611084","downToken":"9203491487500671719322608095761389156606739281107083836659617751286673839340","orderMinSize":5,"tickSize":"0.01"}
[2026-06-02T01:19:30.069Z] INFO Skipped trade. {"slug":"btc-updown-5m-1780362900","reason":"missing_current_chainlink_tick"}
[2026-06-02T01:19:30.069Z] INFO Tracking market. {"market":"ETH","slug":"eth-updown-5m-1780362900","title":"Ethereum Up or Down - June 1, 9:15PM-9:20PM ET","end":"2026-06-02T01:20:00.000Z","upToken":"103759471012700363720099566166777488440781213586800044410111593828687151968108","downToken":"77878775084136532510587072378873003200327269969077589416553943185102774424595","orderMinSize":5,"tickSize":"0.01"}
[2026-06-02T01:19:30.201Z] INFO Connected to Polymarket RTDS Chainlink feed.
[2026-06-02T01:19:30.237Z] INFO Skipped trade. {"slug":"eth-updown-5m-1780362900","reason":"missing_current_chainlink_tick"}
[2026-06-02T01:19:30.238Z] INFO Tracking market. {"market":"DOGE","slug":"doge-updown-5m-1780362900","title":"Dogecoin Up or Down - June 1, 9:15PM-9:20PM ET","end":"2026-06-02T01:20:00.000Z","upToken":"6445260042573104573235691598920631246976410632200669925840361790213726755630","downToken":"88388818320834524140513194057470319542533049872699486357970652389651187316235","orderMinSize":5,"tickSize":"0.01"}
[2026-06-02T01:19:31.743Z] INFO Skipped trade. {"slug":"eth-updown-5m-1780362900","reason":"btc_distance_below_threshold","market":"ETH","minDistanceUsd":{"UP":5,"DOWN":5},"openingPrice":1995.964145,"currentPrice":1994.2580292241432}
[2026-06-02T01:19:41.040Z] INFO Skipped trade. {"slug":"btc-updown-5m-1780362900","reason":"no_ask_liquidity_under_cap","outcome":"DOWN"}
[2026-06-02T01:20:00.800Z] INFO Tracking market. {"market":"BTC","slug":"btc-updown-5m-1780363200","title":"Bitcoin Up or Down - June 1, 9:20PM-9:25PM ET","end":"2026-06-02T01:25:00.000Z","upToken":"36928102316158502704984852557110072811036410084896937465311002493069774999830","downToken":"62667546440776031531630382353306194525524850725436080187103211192893468252362","orderMinSize":5,"tickSize":"0.01"}
[2026-06-02T01:20:00.801Z] INFO Skipped trade. {"slug":"btc-updown-5m-1780363200","reason":"missing_opening_chainlink_tick"}
[2026-06-02T01:20:00.801Z] INFO Tracking market. {"market":"ETH","slug":"eth-updown-5m-1780363200","title":"Ethereum Up or Down - June 1, 9:20PM-9:25PM ET","end":"2026-06-02T01:25:00.000Z","upToken":"39506210869606370469988657694027247536711677024040309296668712959115332768568","downToken":"90415999654187416605192147181928066572105995381006179540973077044034158494185","orderMinSize":5,"tickSize":"0.01"}
[2026-06-02T01:20:00.801Z] INFO Skipped trade. {"slug":"eth-updown-5m-1780363200","reason":"missing_opening_chainlink_tick"}
[2026-06-02T01:20:00.801Z] INFO Tracking market. {"market":"DOGE","slug":"doge-updown-5m-1780363200","title":"Dogecoin Up or Down - June 1, 9:20PM-9:25PM ET","end":"2026-06-02T01:25:00.000Z","upToken":"15968221171101577320313806692997773539967166348726954444133593546257471416394","downToken":"31275467885627918785807428225385140271304393399843147245367218356956098789098","orderMinSize":5,"tickSize":"0.01"}
[2026-06-02T01:20:01.821Z] INFO Captured Chainlink opening tick. {"slug":"btc-updown-5m-1780363200","openingPrice":71211.164280894,"tickTimestamp":"2026-06-02T01:20:00.000Z"}
[2026-06-02T01:20:01.829Z] INFO Skipped trade. {"slug":"btc-updown-5m-1780363200","reason":"btc_distance_below_threshold","market":"BTC","minDistanceUsd":{"UP":30,"DOWN":30},"openingPrice":71211.164280894,"currentPrice":71211.164280894}
[2026-06-02T01:20:05.996Z] INFO Captured Chainlink opening tick. {"slug":"eth-updown-5m-1780363200","openingPrice":1993.740385607539,"tickTimestamp":"2026-06-02T01:20:00.000Z"}
[2026-06-02T01:20:06.003Z] INFO Skipped trade. {"slug":"eth-updown-5m-1780363200","reason":"btc_distance_below_threshold","market":"ETH","minDistanceUsd":{"UP":5,"DOWN":5},"openingPrice":1993.740385607539,"currentPrice":1993.501635}
[2026-06-02T01:20:06.015Z] INFO Captured Chainlink opening tick. {"slug":"doge-updown-5m-1780363200","openingPrice":0.1004010935136485,"tickTimestamp":"2026-06-02T01:20:00.000Z"}
[2026-06-02T01:24:05.538Z] WARN Analytics sample recording failed; continuing. {"market":"BTC","slug":"btc-updown-5m-1780363200","error":"ENOENT: no such file or directory, rename 'C:\\DEV\\tests\\Workspace de Yarbis\\Polybot\\data\\analytics-active.json.tmp' -> 'C:\\DEV\\tests\\Workspace de Yarbis\\Polybot\\data\\analytics-active.json'"}
[2026-06-02T01:24:46.853Z] WARN Analytics sample recording failed; continuing. {"market":"ETH","slug":"eth-updown-5m-1780363200","error":"ENOENT: no such file or directory, rename 'C:\\DEV\\tests\\Workspace de Yarbis\\Polybot\\data\\analytics-active.json.tmp' -> 'C:\\DEV\\tests\\Workspace de Yarbis\\Polybot\\data\\analytics-active.json'"}
[2026-06-02T01:25:00.273Z] INFO Tracking market. {"market":"BTC","slug":"btc-updown-5m-1780363500","title":"Bitcoin Up or Down - June 1, 9:25PM-9:30PM ET","end":"2026-06-02T01:30:00.000Z","upToken":"110714882666993135981822887393381917329500257531352576833398168942794281694255","downToken":"63711920005548057847355952534035695912013674634050989777104296594128998622569","orderMinSize":5,"tickSize":"0.01"}
[2026-06-02T01:25:00.273Z] INFO Skipped trade. {"slug":"btc-updown-5m-1780363500","reason":"missing_opening_chainlink_tick"}
[2026-06-02T01:25:00.273Z] INFO Tracking market. {"market":"ETH","slug":"eth-updown-5m-1780363500","title":"Ethereum Up or Down - June 1, 9:25PM-9:30PM ET","end":"2026-06-02T01:30:00.000Z","upToken":"50616075833833876679207648547625152668963625477570875017785840704870883232865","downToken":"39018255841725675982045341099347470631234654230966751275658653350511344770868","orderMinSize":5,"tickSize":"0.01"}
[2026-06-02T01:25:00.273Z] INFO Skipped trade. {"slug":"eth-updown-5m-1780363500","reason":"missing_opening_chainlink_tick"}
[2026-06-02T01:25:00.273Z] INFO Tracking market. {"market":"DOGE","slug":"doge-updown-5m-1780363500","title":"Dogecoin Up or Down - June 1, 9:25PM-9:30PM ET","end":"2026-06-02T01:30:00.000Z","upToken":"27292978401692007743160698078686272936894425830415479961327799053889427350627","downToken":"37893975423475259783103927679556782303116908706418106388094887693432846412857","orderMinSize":5,"tickSize":"0.01"}
[2026-06-02T01:25:01.292Z] INFO Captured Chainlink opening tick. {"slug":"btc-updown-5m-1780363500","openingPrice":71210.2683687853,"tickTimestamp":"2026-06-02T01:25:00.000Z"}
[2026-06-02T01:25:01.296Z] INFO Skipped trade. {"slug":"btc-updown-5m-1780363500","reason":"btc_distance_below_threshold","market":"BTC","minDistanceUsd":{"UP":30,"DOWN":30},"openingPrice":71210.2683687853,"currentPrice":71210.2683687853}
[2026-06-02T01:25:01.305Z] INFO Captured Chainlink opening tick. {"slug":"eth-updown-5m-1780363500","openingPrice":1994.7193436288205,"tickTimestamp":"2026-06-02T01:25:00.000Z"}
[2026-06-02T01:25:01.308Z] INFO Skipped trade. {"slug":"eth-updown-5m-1780363500","reason":"btc_distance_below_threshold","market":"ETH","minDistanceUsd":{"UP":5,"DOWN":5},"openingPrice":1994.7193436288205,"currentPrice":1994.7193436288205}
[2026-06-02T01:25:01.316Z] INFO Captured Chainlink opening tick. {"slug":"doge-updown-5m-1780363500","openingPrice":0.1006219938110669,"tickTimestamp":"2026-06-02T01:25:00.000Z"}
